Archive member included to satisfy reference by file (symbol)

c:/st/stm32cubeide_1.6.0/stm32cubeide/plugins/com.st.stm32cube.ide.mcu.externaltools.gnu-tools-for-stm32.9-2020-q2-update.win32_1.5.0.202011040924/tools/bin/../lib/gcc/arm-none-eabi/9.3.1/../../../../arm-none-eabi/lib/thumb/v7-m/nofp\libc_nano.a(lib_a-errno.o)
                              Core/Src/syscalls.o (__errno)
c:/st/stm32cubeide_1.6.0/stm32cubeide/plugins/com.st.stm32cube.ide.mcu.externaltools.gnu-tools-for-stm32.9-2020-q2-update.win32_1.5.0.202011040924/tools/bin/../lib/gcc/arm-none-eabi/9.3.1/../../../../arm-none-eabi/lib/thumb/v7-m/nofp\libc_nano.a(lib_a-exit.o)
                              c:/st/stm32cubeide_1.6.0/stm32cubeide/plugins/com.st.stm32cube.ide.mcu.externaltools.gnu-tools-for-stm32.9-2020-q2-update.win32_1.5.0.202011040924/tools/bin/../lib/gcc/arm-none-eabi/9.3.1/../../../../arm-none-eabi/lib/thumb/v7-m/nofp/crt0.o (exit)
c:/st/stm32cubeide_1.6.0/stm32cubeide/plugins/com.st.stm32cube.ide.mcu.externaltools.gnu-tools-for-stm32.9-2020-q2-update.win32_1.5.0.202011040924/tools/bin/../lib/gcc/arm-none-eabi/9.3.1/../../../../arm-none-eabi/lib/thumb/v7-m/nofp\libc_nano.a(lib_a-impure.o)
                              c:/st/stm32cubeide_1.6.0/stm32cubeide/plugins/com.st.stm32cube.ide.mcu.externaltools.gnu-tools-for-stm32.9-2020-q2-update.win32_1.5.0.202011040924/tools/bin/../lib/gcc/arm-none-eabi/9.3.1/../../../../arm-none-eabi/lib/thumb/v7-m/nofp\libc_nano.a(lib_a-exit.o) (_global_impure_ptr)
c:/st/stm32cubeide_1.6.0/stm32cubeide/plugins/com.st.stm32cube.ide.mcu.externaltools.gnu-tools-for-stm32.9-2020-q2-update.win32_1.5.0.202011040924/tools/bin/../lib/gcc/arm-none-eabi/9.3.1/../../../../arm-none-eabi/lib/thumb/v7-m/nofp\libc_nano.a(lib_a-init.o)
                              c:/st/stm32cubeide_1.6.0/stm32cubeide/plugins/com.st.stm32cube.ide.mcu.externaltools.gnu-tools-for-stm32.9-2020-q2-update.win32_1.5.0.202011040924/tools/bin/../lib/gcc/arm-none-eabi/9.3.1/../../../../arm-none-eabi/lib/thumb/v7-m/nofp/crt0.o (__libc_init_array)
c:/st/stm32cubeide_1.6.0/stm32cubeide/plugins/com.st.stm32cube.ide.mcu.externaltools.gnu-tools-for-stm32.9-2020-q2-update.win32_1.5.0.202011040924/tools/bin/../lib/gcc/arm-none-eabi/9.3.1/../../../../arm-none-eabi/lib/thumb/v7-m/nofp\libc_nano.a(lib_a-memcpy-stub.o)
                              Core/Src/Eeprom.o (memcpy)
c:/st/stm32cubeide_1.6.0/stm32cubeide/plugins/com.st.stm32cube.ide.mcu.externaltools.gnu-tools-for-stm32.9-2020-q2-update.win32_1.5.0.202011040924/tools/bin/../lib/gcc/arm-none-eabi/9.3.1/../../../../arm-none-eabi/lib/thumb/v7-m/nofp\libc_nano.a(lib_a-memset.o)
                              c:/st/stm32cubeide_1.6.0/stm32cubeide/plugins/com.st.stm32cube.ide.mcu.externaltools.gnu-tools-for-stm32.9-2020-q2-update.win32_1.5.0.202011040924/tools/bin/../lib/gcc/arm-none-eabi/9.3.1/../../../../arm-none-eabi/lib/thumb/v7-m/nofp/crt0.o (memset)

Allocating common symbols
Common symbol       size              file

U_12V               0x2               Core/Src/Eeprom.o
Temperature         0x4               Core/Src/Eeprom.o
Temp_R_A_B          0x60              Core/Src/Eeprom.o
U_IN                0x2               Core/Src/Eeprom.o
SelectedOptionValue1
                    0x4               Core/Src/main.o
ChargeDurationSec   0x4               Core/Src/main.o
RegularConvData     0x10              Core/Src/Eeprom.o
U_Controller        0x2               Core/Src/Eeprom.o
SelectedOptionValue
                    0x4               Core/Src/main.o
U_OUT               0x2               Core/Src/Eeprom.o
Rt                  0x4               Core/Src/Eeprom.o
LoggingData         0x19c             Core/Src/Eeprom.o

Discarded input sections

 .text          0x0000000000000000        0x0 c:/st/stm32cubeide_1.6.0/stm32cubeide/plugins/com.st.stm32cube.ide.mcu.externaltools.gnu-tools-for-stm32.9-2020-q2-update.win32_1.5.0.202011040924/tools/bin/../lib/gcc/arm-none-eabi/9.3.1/thumb/v7-m/nofp/crti.o
 .data          0x0000000000000000        0x0 c:/st/stm32cubeide_1.6.0/stm32cubeide/plugins/com.st.stm32cube.ide.mcu.externaltools.gnu-tools-for-stm32.9-2020-q2-update.win32_1.5.0.202011040924/tools/bin/../lib/gcc/arm-none-eabi/9.3.1/thumb/v7-m/nofp/crti.o
 .bss           0x0000000000000000        0x0 c:/st/stm32cubeide_1.6.0/stm32cubeide/plugins/com.st.stm32cube.ide.mcu.externaltools.gnu-tools-for-stm32.9-2020-q2-update.win32_1.5.0.202011040924/tools/bin/../lib/gcc/arm-none-eabi/9.3.1/thumb/v7-m/nofp/crti.o
 .data          0x0000000000000000        0x4 c:/st/stm32cubeide_1.6.0/stm32cubeide/plugins/com.st.stm32cube.ide.mcu.externaltools.gnu-tools-for-stm32.9-2020-q2-update.win32_1.5.0.202011040924/tools/bin/../lib/gcc/arm-none-eabi/9.3.1/thumb/v7-m/nofp/crtbegin.o
[...]
Memory Configuration

Name             Origin             Length             Attributes
RAM              0x0000000020000000 0x0000000000002000 xrw
FLASH            0x0000000008000000 0x0000000000010000 xr
*default*        0x0000000000000000 0xffffffffffffffff

Linker script and memory map

LOAD c:/st/stm32cubeide_1.6.0/stm32cubeide/plugins/com.st.stm32cube.ide.mcu.externaltools.gnu-tools-for-stm32.9-2020-q2-update.win32_1.5.0.202011040924/tools/bin/../lib/gcc/arm-none-eabi/9.3.1/thumb/v7-m/nofp/crti.o
LOAD c:/st/stm32cubeide_1.6.0/stm32cubeide/plugins/com.st.stm32cube.ide.mcu.externaltools.gnu-tools-for-stm32.9-2020-q2-update.win32_1.5.0.202011040924/tools/bin/../lib/gcc/arm-none-eabi/9.3.1/thumb/v7-m/nofp/crtbegin.o
LOAD c:/st/stm32cubeide_1.6.0/stm32cubeide/plugins/com.st.stm32cube.ide.mcu.externaltools.gnu-tools-for-stm32.9-2020-q2-update.win32_1.5.0.202011040924/tools/bin/../lib/gcc/arm-none-eabi/9.3.1/../../../../arm-none-eabi/lib/thumb/v7-m/nofp/crt0.o
LOAD Core/Src/Eeprom.o
LOAD Core/Src/General.o
LOAD Core/Src/Lib.o
LOAD Core/Src/Menu.o
LOAD Core/Src/MicroMenu2_1.o
LOAD Core/Src/hd44780_driver.o
LOAD Core/Src/main.o
LOAD Core/Src/stm32f1xx_hal_msp.o
LOAD Core/Src/stm32f1xx_it.o
LOAD Core/Src/syscalls.o
LOAD Core/Src/sysmem.o
LOAD Core/Src/system_stm32f1xx.o
LOAD Core/Src/usart.o
LOAD Core/Startup/startup_stm32f100c8tx.o
LOAD Drivers/STM32F1xx_HAL_Driver/Src/stm32f1xx_ll_adc.o
LOAD Drivers/STM32F1xx_HAL_Driver/Src/stm32f1xx_ll_dma.o
LOAD Drivers/STM32F1xx_HAL_Driver/Src/stm32f1xx_ll_exti.o
LOAD Drivers/STM32F1xx_HAL_Driver/Src/stm32f1xx_ll_gpio.o
LOAD Drivers/STM32F1xx_HAL_Driver/Src/stm32f1xx_ll_pwr.o
LOAD Drivers/STM32F1xx_HAL_Driver/Src/stm32f1xx_ll_rcc.o
LOAD Drivers/STM32F1xx_HAL_Driver/Src/stm32f1xx_ll_usart.o
LOAD Drivers/STM32F1xx_HAL_Driver/Src/stm32f1xx_ll_utils.o
START GROUP
LOAD c:/st/stm32cubeide_1.6.0/stm32cubeide/plugins/com.st.stm32cube.ide.mcu.externaltools.gnu-tools-for-stm32.9-2020-q2-update.win32_1.5.0.202011040924/tools/bin/../lib/gcc/arm-none-eabi/9.3.1/../../../../arm-none-eabi/lib/thumb/v7-m/nofp\libc_nano.a
LOAD c:/st/stm32cubeide_1.6.0/stm32cubeide/plugins/com.st.stm32cube.ide.mcu.externaltools.gnu-tools-for-stm32.9-2020-q2-update.win32_1.5.0.202011040924/tools/bin/../lib/gcc/arm-none-eabi/9.3.1/../../../../arm-none-eabi/lib/thumb/v7-m/nofp\libm.a
END GROUP
START GROUP
LOAD c:/st/stm32cubeide_1.6.0/stm32cubeide/plugins/com.st.stm32cube.ide.mcu.externaltools.gnu-tools-for-stm32.9-2020-q2-update.win32_1.5.0.202011040924/tools/bin/../lib/gcc/arm-none-eabi/9.3.1/thumb/v7-m/nofp\libgcc.a
LOAD c:/st/stm32cubeide_1.6.0/stm32cubeide/plugins/com.st.stm32cube.ide.mcu.externaltools.gnu-tools-for-stm32.9-2020-q2-update.win32_1.5.0.202011040924/tools/bin/../lib/gcc/arm-none-eabi/9.3.1/../../../../arm-none-eabi/lib/thumb/v7-m/nofp\libc_nano.a
END GROUP
START GROUP
LOAD c:/st/stm32cubeide_1.6.0/stm32cubeide/plugins/com.st.stm32cube.ide.mcu.externaltools.gnu-tools-for-stm32.9-2020-q2-update.win32_1.5.0.202011040924/tools/bin/../lib/gcc/arm-none-eabi/9.3.1/thumb/v7-m/nofp\libgcc.a
LOAD c:/st/stm32cubeide_1.6.0/stm32cubeide/plugins/com.st.stm32cube.ide.mcu.externaltools.gnu-tools-for-stm32.9-2020-q2-update.win32_1.5.0.202011040924/tools/bin/../lib/gcc/arm-none-eabi/9.3.1/../../../../arm-none-eabi/lib/thumb/v7-m/nofp\libc_nano.a
LOAD c:/st/stm32cubeide_1.6.0/stm32cubeide/plugins/com.st.stm32cube.ide.mcu.externaltools.gnu-tools-for-stm32.9-2020-q2-update.win32_1.5.0.202011040924/tools/bin/../lib/gcc/arm-none-eabi/9.3.1/../../../../arm-none-eabi/lib/thumb/v7-m/nofp\libnosys.a
END GROUP
START GROUP
LOAD c:/st/stm32cubeide_1.6.0/stm32cubeide/plugins/com.st.stm32cube.ide.mcu.externaltools.gnu-tools-for-stm32.9-2020-q2-update.win32_1.5.0.202011040924/tools/bin/../lib/gcc/arm-none-eabi/9.3.1/thumb/v7-m/nofp\libgcc.a
LOAD c:/st/stm32cubeide_1.6.0/stm32cubeide/plugins/com.st.stm32cube.ide.mcu.externaltools.gnu-tools-for-stm32.9-2020-q2-update.win32_1.5.0.202011040924/tools/bin/../lib/gcc/arm-none-eabi/9.3.1/../../../../arm-none-eabi/lib/thumb/v7-m/nofp\libc_nano.a
LOAD c:/st/stm32cubeide_1.6.0/stm32cubeide/plugins/com.st.stm32cube.ide.mcu.externaltools.gnu-tools-for-stm32.9-2020-q2-update.win32_1.5.0.202011040924/tools/bin/../lib/gcc/arm-none-eabi/9.3.1/../../../../arm-none-eabi/lib/thumb/v7-m/nofp\libnosys.a
END GROUP
LOAD c:/st/stm32cubeide_1.6.0/stm32cubeide/plugins/com.st.stm32cube.ide.mcu.externaltools.gnu-tools-for-stm32.9-2020-q2-update.win32_1.5.0.202011040924/tools/bin/../lib/gcc/arm-none-eabi/9.3.1/thumb/v7-m/nofp/crtend.o
LOAD c:/st/stm32cubeide_1.6.0/stm32cubeide/plugins/com.st.stm32cube.ide.mcu.externaltools.gnu-tools-for-stm32.9-2020-q2-update.win32_1.5.0.202011040924/tools/bin/../lib/gcc/arm-none-eabi/9.3.1/thumb/v7-m/nofp/crtn.o
                0x0000000020002000                _estack = (ORIGIN (RAM) + LENGTH (RAM))
                0x0000000000000200                _Min_Heap_Size = 0x200
                0x0000000000000400                _Min_Stack_Size = 0x400

.isr_vector     0x0000000008000000      0x1d0
                0x0000000008000000                . = ALIGN (0x4)
 *(.isr_vector)
 .isr_vector    0x0000000008000000      0x1d0 Core/Startup/startup_stm32f100c8tx.o
                0x0000000008000000                g_pfnVectors
                0x00000000080001d0                . = ALIGN (0x4)

.text           0x00000000080001d0     0x5630
                0x00000000080001d0                . = ALIGN (0x4)
 *(.text)
 .text          0x00000000080001d0       0x40 c:/st/stm32cubeide_1.6.0/stm32cubeide/plugins/com.st.stm32cube.ide.mcu.externaltools.gnu-tools-for-stm32.9-2020-q2-update.win32_1.5.0.202011040924/tools/bin/../lib/gcc/arm-none-eabi/9.3.1/thumb/v7-m/nofp/crtbegin.o
 *(.text*)
 .text.flash_erase_page
                0x0000000008000210       0x40 Core/Src/Eeprom.o
                0x0000000008000210                flash_erase_page
 .text.flash_unlock
                0x0000000008000250       0x18 Core/Src/Eeprom.o
                0x0000000008000250                flash_unlock
 .text.flash_lock
                0x0000000008000268       0x10 Core/Src/Eeprom.o
                0x0000000008000268                flash_lock
 .text.flash_write
                0x0000000008000278       0x4c Core/Src/Eeprom.o
                0x0000000008000278                flash_write
 .text.flash_write_block
                0x00000000080002c4       0x64 Core/Src/Eeprom.o
                0x00000000080002c4                flash_write_block
 .text.flash_read_block
                0x0000000008000328       0x24 Core/Src/Eeprom.o
                0x0000000008000328                flash_read_block
 .text.flash_read
                0x000000000800034c       0x64 Core/Src/Eeprom.o
                0x000000000800034c                flash_read
 .text.CalibrationWriteToFlash
                0x00000000080003b0       0x74 Core/Src/Eeprom.o
                0x00000000080003b0                CalibrationWriteToFlash
 .text.CalibrationFactoryWriteToFlash
                0x0000000008000424       0x74 Core/Src/Eeprom.o
                0x0000000008000424                CalibrationFactoryWriteToFlash
 .text.CalibrationReadFromFlash
                0x0000000008000498       0xa4 Core/Src/Eeprom.o
                0x0000000008000498                CalibrationReadFromFlash
 .text.CalibrationReadFromFlashForVerify
                0x000000000800053c       0xa4 Core/Src/Eeprom.o
                0x000000000800053c                CalibrationReadFromFlashForVerify
 .text.SettingsWriteToFlash
                0x00000000080005e0       0x6c Core/Src/Eeprom.o
                0x00000000080005e0                SettingsWriteToFlash
 .text.SettingsFactoryWriteToFlash
                0x000000000800064c       0x6c Core/Src/Eeprom.o
                0x000000000800064c                SettingsFactoryWriteToFlash
 .text.SettingsReadFromFlash
                0x00000000080006b8       0x98 Core/Src/Eeprom.o
                0x00000000080006b8                SettingsReadFromFlash
 .text.SettingsReadFromFlashForVerify
                0x0000000008000750       0x98 Core/Src/Eeprom.o
                0x0000000008000750                SettingsReadFromFlashForVerify
 .text.DataWhenPowerOff_Factory_WriteToFlash
                0x00000000080007e8       0x44 Core/Src/Eeprom.o
                0x00000000080007e8                DataWhenPowerOff_Factory_WriteToFlash
 .text.DataWhenPowerOffReadFromFlash
                0x000000000800082c       0x58 Core/Src/Eeprom.o
                0x000000000800082c                DataWhenPowerOffReadFromFlash
 .text.DataWhenPowerOffReadFromFlashForVerify
                0x0000000008000884       0x58 Core/Src/Eeprom.o
                0x0000000008000884                DataWhenPowerOffReadFromFlashForVerify
 .text.ReadFromFlash
                0x00000000080008dc       0x50 Core/Src/Eeprom.o
                0x00000000080008dc                ReadFromFlash
 .text.CalcCRC8
                0x000000000800092c       0x34 Core/Src/Eeprom.o
                0x000000000800092c                CalcCRC8
 .text.CalibrationWriteToFlash_CRC
                0x0000000008000960       0x6c Core/Src/Eeprom.o
                0x0000000008000960                CalibrationWriteToFlash_CRC
 .text.SettingsWriteToFlash_CRC
                0x00000000080009cc       0xb4 Core/Src/Eeprom.o
                0x00000000080009cc                SettingsWriteToFlash_CRC
 .text.FactoryWriteToFlash_CRC
                0x0000000008000a80      0x16c Core/Src/Eeprom.o
                0x0000000008000a80                FactoryWriteToFlash_CRC
 .text.Generation_Coefficients_R_A_B
                0x0000000008000bec       0x6c Core/Src/General.o
                0x0000000008000bec                Generation_Coefficients_R_A_B
 .text.WriteInLOG
                0x0000000008000c58      0x18c Core/Src/General.o
                0x0000000008000c58                WriteInLOG
 .text.WriteInLOGc
                0x0000000008000de4      0x190 Core/Src/General.o
                0x0000000008000de4                WriteInLOGc
 .text.delay_us
                0x0000000008000f74       0x70 Core/Src/General.o
                0x0000000008000f74                delay_us
 .text.delay_ms
                0x0000000008000fe4       0x1e Core/Src/General.o
                0x0000000008000fe4                delay_ms
 *fill*         0x0000000008001002        0x2 
 .text.InfoToUARTBeforeStart
                0x0000000008001004      0x218 Core/Src/General.o
                0x0000000008001004                InfoToUARTBeforeStart
 .text.itoa     0x000000000800121c       0x78 Core/Src/Lib.o
                0x000000000800121c                itoa
 .text.itoaP    0x0000000008001294       0x76 Core/Src/Lib.o
                0x0000000008001294                itoaP
 *fill*         0x000000000800130a        0x2 
 .text.itoa_koma
                0x000000000800130c       0xd0 Core/Src/Lib.o
                0x000000000800130c                itoa_koma
 .text.Module16
                0x00000000080013dc        0xc Core/Src/Lib.o
                0x00000000080013dc                Module16
 .text.strlen1  0x00000000080013e8       0x10 Core/Src/Lib.o
                0x00000000080013e8                strlen1
 .text.Merge2Strings
                0x00000000080013f8       0x2c Core/Src/Lib.o
                0x00000000080013f8                Merge2Strings
 .text.Merge3Strings
                0x0000000008001424       0x46 Core/Src/Lib.o
                0x0000000008001424                Merge3Strings
 .text.ClockStringWithSec
                0x000000000800146a       0xe6 Core/Src/Lib.o
                0x000000000800146a                ClockStringWithSec
 .text.ClockStringNoSec
                0x0000000008001550       0x96 Core/Src/Lib.o
                0x0000000008001550                ClockStringNoSec
 .text.RunningAverageI1
                0x00000000080015e6        0x2 Core/Src/Lib.o
                0x00000000080015e6                RunningAverageI1
 .text.RunningAverageI2
                0x00000000080015e8        0x2 Core/Src/Lib.o
                0x00000000080015e8                RunningAverageI2
 .text.RunningAverageU1
                0x00000000080015ea        0x2 Core/Src/Lib.o
                0x00000000080015ea                RunningAverageU1
 .text.RunningAverageU2
                0x00000000080015ec        0x2 Core/Src/Lib.o
                0x00000000080015ec                RunningAverageU2
 .text.RunningAverageU3
                0x00000000080015ee        0x2 Core/Src/Lib.o
                0x00000000080015ee                RunningAverageU3
 .text.Menu_GetCurrentMenu
                0x00000000080015f0        0xc Core/Src/MicroMenu2_1.o
                0x00000000080015f0                Menu_GetCurrentMenu
 .text.Menu_Navigate
                0x00000000080015fc       0x34 Core/Src/MicroMenu2_1.o
                0x00000000080015fc                Menu_Navigate
 .text.Menu_SetGenericWriteCallback
                0x0000000008001630       0x14 Core/Src/MicroMenu2_1.o
                0x0000000008001630                Menu_SetGenericWriteCallback
 .text.Menu_SelectItem
                0x0000000008001644       0x1c Core/Src/MicroMenu2_1.o
                0x0000000008001644                Menu_SelectItem
 .text.strobe   0x0000000008001660       0x24 Core/Src/hd44780_driver.o
                0x0000000008001660                strobe
 .text.lcd_set_4bit_mode
                0x0000000008001684       0x44 Core/Src/hd44780_driver.o
                0x0000000008001684                lcd_set_4bit_mode
 .text.lcd_send
                0x00000000080016c8       0x9c Core/Src/hd44780_driver.o
                0x00000000080016c8                lcd_send
 .text.lcd_set_user_char
                0x0000000008001764       0x32 Core/Src/hd44780_driver.o
                0x0000000008001764                lcd_set_user_char
 *fill*         0x0000000008001796        0x2 
 .text.SetSymbols
                0x0000000008001798       0xb0 Core/Src/hd44780_driver.o
                0x0000000008001798                SetSymbols
 .text.lcd_set_xy
                0x0000000008001848       0x24 Core/Src/hd44780_driver.o
                0x0000000008001848                lcd_set_xy
 .text.lcd_out  0x000000000800186c       0x2c Core/Src/hd44780_driver.o
                0x000000000800186c                lcd_out
 .text.LcdOutbyNumber
                0x0000000008001898        0x8 Core/Src/hd44780_driver.o
                0x0000000008001898                LcdOutbyNumber
 .text.LcdOut   0x00000000080018a0       0x84 Core/Src/hd44780_driver.o
                0x00000000080018a0                LcdOut
 .text.lcd_clear
                0x0000000008001924        0x8 Core/Src/hd44780_driver.o
                0x0000000008001924                lcd_clear
 .text.lcd_init
                0x000000000800192c       0x1c Core/Src/hd44780_driver.o
                0x000000000800192c                lcd_init
 .text.PrintToLCD
                0x0000000008001948        0x6 Core/Src/hd44780_driver.o
                0x0000000008001948                PrintToLCD
 .text.PrintToLCD_xy
                0x000000000800194e       0x18 Core/Src/hd44780_driver.o
                0x000000000800194e                PrintToLCD_xy
 .text.InitLCD  0x0000000008001966       0x16 Core/Src/hd44780_driver.o
                0x0000000008001966                InitLCD
 .text.LL_APB2_GRP1_EnableClock
                0x000000000800197c       0x1c Core/Src/main.o
 .text.MenuLog_Enter
                0x0000000008001998        0xc Core/Src/main.o
                0x0000000008001998                MenuLog_Enter
 .text.MenuSettingsBatteryType_Enter
                0x00000000080019a4      0x110 Core/Src/main.o
                0x00000000080019a4                MenuSettingsBatteryType_Enter
 .text.MenuSettingsWriteToFlash_Enter
                0x0000000008001ab4        0x4 Core/Src/main.o
                0x0000000008001ab4                MenuSettingsWriteToFlash_Enter
 .text.MenuOption_Enter
                0x0000000008001ab8       0x30 Core/Src/main.o
                0x0000000008001ab8                MenuOption_Enter
 .text.MenuOption_Enter1
                0x0000000008001ae8       0x30 Core/Src/main.o
                0x0000000008001ae8                MenuOption_Enter1
 .text.MenuCalibrationWriteToFlash_Enter
                0x0000000008001b18       0x14 Core/Src/main.o
                0x0000000008001b18                MenuCalibrationWriteToFlash_Enter
 .text.Generic_Write
                0x0000000008001b2c        0xc Core/Src/main.o
                0x0000000008001b2c                Generic_Write
 .text.MenuDischarge_Enter
                0x0000000008001b38       0x4c Core/Src/main.o
                0x0000000008001b38                MenuDischarge_Enter
 .text.MenuCharge_Enter
                0x0000000008001b84       0x70 Core/Src/main.o
                0x0000000008001b84                MenuCharge_Enter
 .text.SelectedOption.part.0
                0x0000000008001bf4       0x16 Core/Src/main.o
 *fill*         0x0000000008001c0a        0x2 
 .text.LL_ADC_SetChannelSamplingTime.constprop.0
                0x0000000008001c0c       0x54 Core/Src/main.o
 .text.LL_ADC_REG_SetSequencerRanks.constprop.0
                0x0000000008001c60       0x38 Core/Src/main.o
 .text.NVIC_EncodePriority.constprop.0
                0x0000000008001c98        0x4 Core/Src/main.o
 .text.MenuTraining_WriteInLOG
                0x0000000008001c9c       0x4c Core/Src/main.o
                0x0000000008001c9c                MenuTraining_WriteInLOG
 .text.MenuLog  0x0000000008001ce8       0x94 Core/Src/main.o
                0x0000000008001ce8                MenuLog
 .text.MenuCalibration_BackToFactory
                0x0000000008001d7c       0xb8 Core/Src/main.o
                0x0000000008001d7c                MenuCalibration_BackToFactory
 .text.MenuSettingsChargeTime
                0x0000000008001e34       0x4c Core/Src/main.o
                0x0000000008001e34                MenuSettingsChargeTime
 .text.MenuSettingsBatteryType
                0x0000000008001e80       0xf0 Core/Src/main.o
                0x0000000008001e80                MenuSettingsBatteryType
 .text.MenuSettingsLowVolt
                0x0000000008001f70       0x44 Core/Src/main.o
                0x0000000008001f70                MenuSettingsLowVolt
 .text.MenuSettingsMaxVolt
                0x0000000008001fb4       0x44 Core/Src/main.o
                0x0000000008001fb4                MenuSettingsMaxVolt
 .text.MenuSettingsSwngChrgTime
                0x0000000008001ff8       0x3c Core/Src/main.o
                0x0000000008001ff8                MenuSettingsSwngChrgTime
 .text.MenuSettingsSwngDChrgTime
                0x0000000008002034       0x3c Core/Src/main.o
                0x0000000008002034                MenuSettingsSwngDChrgTime
 .text.MenuSettingsChargeAddapt
                0x0000000008002070       0x80 Core/Src/main.o
                0x0000000008002070                MenuSettingsChargeAddapt
 .text.SelectedOption
                0x00000000080020f0       0x1c Core/Src/main.o
                0x00000000080020f0                SelectedOption
 .text.SelectedOption1
                0x000000000800210c       0x1c Core/Src/main.o
                0x000000000800210c                SelectedOption1
 .text.MenuSettingsSaveMenuPosWhenOFF
                0x0000000008002128       0xac Core/Src/main.o
                0x0000000008002128                MenuSettingsSaveMenuPosWhenOFF
 .text.MenuSettingsOutAfterPowerUp
                0x00000000080021d4       0x70 Core/Src/main.o
                0x00000000080021d4                MenuSettingsOutAfterPowerUp
 .text.BUT_Debrief
                0x0000000008002244       0x64 Core/Src/main.o
                0x0000000008002244                BUT_Debrief
 .text.BUT_GetKey
                0x00000000080022a8       0x1c Core/Src/main.o
                0x00000000080022a8                BUT_GetKey
 .text.Start_Timer_sec
                0x00000000080022c4       0x18 Core/Src/main.o
                0x00000000080022c4                Start_Timer_sec
 .text.ClockOnLCD_noSec
                0x00000000080022dc       0x6c Core/Src/main.o
                0x00000000080022dc                ClockOnLCD_noSec
 .text.OUT_OFF  0x0000000008002348       0x34 Core/Src/main.o
                0x0000000008002348                OUT_OFF
 .text.OUT_ON   0x000000000800237c       0x34 Core/Src/main.o
                0x000000000800237c                OUT_ON
 .text.OUTStateAfterPowerUpFunction
                0x00000000080023b0       0x2c Core/Src/main.o
                0x00000000080023b0                OUTStateAfterPowerUpFunction
 .text.MenuPowerSupply
                0x00000000080023dc      0x278 Core/Src/main.o
                0x00000000080023dc                MenuPowerSupply
 .text.MenuDIAGNOSTIC
                0x0000000008002654      0x284 Core/Src/main.o
                0x0000000008002654                MenuDIAGNOSTIC
 .text.MenuCalibration_CURRENT_1k
                0x00000000080028d8       0x6c Core/Src/main.o
                0x00000000080028d8                MenuCalibration_CURRENT_1k
 .text.MenuCalibration_CURRENT_100R
                0x0000000008002944       0x6c Core/Src/main.o
                0x0000000008002944                MenuCalibration_CURRENT_100R
 .text.MenuCalibration_CURRENT_10R
                0x00000000080029b0       0x70 Core/Src/main.o
                0x00000000080029b0                MenuCalibration_CURRENT_10R
 .text.MenuCalibration_CURRENT_1R
                0x0000000008002a20       0x6c Core/Src/main.o
                0x0000000008002a20                MenuCalibration_CURRENT_1R
 .text.MenuCalibration_VoltagePS
                0x0000000008002a8c       0x70 Core/Src/main.o
                0x0000000008002a8c                MenuCalibration_VoltagePS
 .text.MenuCalibration_VoltageOut
                0x0000000008002afc       0x70 Core/Src/main.o
                0x0000000008002afc                MenuCalibration_VoltageOut
 .text.MenuCalibration_VoltageIn
                0x0000000008002b6c       0x70 Core/Src/main.o
                0x0000000008002b6c                MenuCalibration_VoltageIn
 .text.MenuCalibration_Resist_Comp_5V1A
                0x0000000008002bdc       0xc4 Core/Src/main.o
                0x0000000008002bdc                MenuCalibration_Resist_Comp_5V1A
 .text.LOAD_ON  0x0000000008002ca0       0x20 Core/Src/main.o
                0x0000000008002ca0                LOAD_ON
 .text.discharge
                0x0000000008002cc0        0xe Core/Src/main.o
                0x0000000008002cc0                discharge
 *fill*         0x0000000008002cce        0x2 
 .text.discharge1
                0x0000000008002cd0       0x38 Core/Src/main.o
                0x0000000008002cd0                discharge1
 .text.LOAD_OFF
                0x0000000008002d08       0x24 Core/Src/main.o
                0x0000000008002d08                LOAD_OFF
 .text.MenuLoad
                0x0000000008002d2c       0xac Core/Src/main.o
                0x0000000008002d2c                MenuLoad
 .text.MenuBatterySimilation
                0x0000000008002dd8       0xe4 Core/Src/main.o
                0x0000000008002dd8                MenuBatterySimilation
 .text.charge   0x0000000008002ebc        0xe Core/Src/main.o
                0x0000000008002ebc                charge
 *fill*         0x0000000008002eca        0x2 
 .text.charge1  0x0000000008002ecc       0x38 Core/Src/main.o
                0x0000000008002ecc                charge1
 .text.MenuTraining_new
                0x0000000008002f04      0x4a0 Core/Src/main.o
                0x0000000008002f04                MenuTraining_new
 .text.MenuSwing
                0x00000000080033a4      0x1f4 Core/Src/main.o
                0x00000000080033a4                MenuSwing
 .text.OFF      0x0000000008003598        0xe Core/Src/main.o
                0x0000000008003598                OFF
 *fill*         0x00000000080035a6        0x2 
 .text.MenuChargeCC_CV
                0x00000000080035a8      0x2e8 Core/Src/main.o
                0x00000000080035a8                MenuChargeCC_CV
 .text.MenuChargeAdapt
                0x0000000008003890      0x378 Core/Src/main.o
                0x0000000008003890                MenuChargeAdapt
 .text.MenuDisCharge
                0x0000000008003c08      0x2b4 Core/Src/main.o
                0x0000000008003c08                MenuDisCharge
 .text.MenuCheckingCapacity
                0x0000000008003ebc      0x5f8 Core/Src/main.o
                0x0000000008003ebc                MenuCheckingCapacity
 .text.adc_func
                0x00000000080044b4      0x228 Core/Src/main.o
                0x00000000080044b4                adc_func
 .text.SysTick_Callback
                0x00000000080046dc       0xe8 Core/Src/main.o
                0x00000000080046dc                SysTick_Callback
 .text.SystemClock_Config
                0x00000000080047c4       0x80 Core/Src/main.o
                0x00000000080047c4                SystemClock_Config
 .text.startup.main
                0x0000000008004844      0x830 Core/Src/main.o
                0x0000000008004844                main
 .text.NMI_Handler
                0x0000000008005074        0x2 Core/Src/stm32f1xx_it.o
                0x0000000008005074                NMI_Handler
 .text.HardFault_Handler
                0x0000000008005076        0x2 Core/Src/stm32f1xx_it.o
                0x0000000008005076                HardFault_Handler
 .text.MemManage_Handler
                0x0000000008005078        0x2 Core/Src/stm32f1xx_it.o
                0x0000000008005078                MemManage_Handler
 .text.BusFault_Handler
                0x000000000800507a        0x2 Core/Src/stm32f1xx_it.o
                0x000000000800507a                BusFault_Handler
 .text.UsageFault_Handler
                0x000000000800507c        0x2 Core/Src/stm32f1xx_it.o
                0x000000000800507c                UsageFault_Handler
 .text.SVC_Handler
                0x000000000800507e        0x2 Core/Src/stm32f1xx_it.o
                0x000000000800507e                SVC_Handler
 .text.DebugMon_Handler
                0x0000000008005080        0x2 Core/Src/stm32f1xx_it.o
                0x0000000008005080                DebugMon_Handler
 .text.PendSV_Handler
                0x0000000008005082        0x2 Core/Src/stm32f1xx_it.o
                0x0000000008005082                PendSV_Handler
 .text.SysTick_Handler
                0x0000000008005084        0x4 Core/Src/stm32f1xx_it.o
                0x0000000008005084                SysTick_Handler
 .text.DMA1_Channel1_IRQHandler
                0x0000000008005088        0x2 Core/Src/stm32f1xx_it.o
                0x0000000008005088                DMA1_Channel1_IRQHandler
 *fill*         0x000000000800508a        0x2 
 .text.USART1_IRQHandler
                0x000000000800508c       0x5c Core/Src/stm32f1xx_it.o
                0x000000000800508c                USART1_IRQHandler
 .text.SystemInit
                0x00000000080050e8        0x2 Core/Src/system_stm32f1xx.o
                0x00000000080050e8                SystemInit
 *fill*         0x00000000080050ea        0x2 
 .text.SystemCoreClockUpdate
                0x00000000080050ec       0x60 Core/Src/system_stm32f1xx.o
                0x00000000080050ec                SystemCoreClockUpdate
 .text.printToBufferUART1
                0x000000000800514c       0xcc Core/Src/usart.o
                0x000000000800514c                printToBufferUART1
 .text.printToBufferWithoutEndUART1
                0x0000000008005218       0x7c Core/Src/usart.o
                0x0000000008005218                printToBufferWithoutEndUART1
 .text.printToBufferUART1D
                0x0000000008005294      0x140 Core/Src/usart.o
                0x0000000008005294                printToBufferUART1D
 .text.putCharDirectToUart1
                0x00000000080053d4       0x10 Core/Src/usart.o
                0x00000000080053d4                putCharDirectToUart1
 .text.putStringDirectToUart1
                0x00000000080053e4       0x14 Core/Src/usart.o
                0x00000000080053e4                putStringDirectToUart1
 .text.Print_to_USART1
                0x00000000080053f8       0x10 Core/Src/usart.o
                0x00000000080053f8                Print_to_USART1
 .text.Reset_Handler
                0x0000000008005408       0x48 Core/Startup/startup_stm32f100c8tx.o
                0x0000000008005408                Reset_Handler
 .text.Default_Handler
                0x0000000008005450        0x2 Core/Startup/startup_stm32f100c8tx.o
                0x0000000008005450                RTC_Alarm_IRQHandler
                0x0000000008005450                EXTI2_IRQHandler
                0x0000000008005450                TIM1_CC_IRQHandler
                0x0000000008005450                PVD_IRQHandler
                0x0000000008005450                EXTI3_IRQHandler
                0x0000000008005450                EXTI0_IRQHandler
                0x0000000008005450                TIM1_UP_TIM16_IRQHandler
                0x0000000008005450                SPI1_IRQHandler
                0x0000000008005450                TAMPER_IRQHandler
                0x0000000008005450                TIM6_DAC_IRQHandler
                0x0000000008005450                DMA1_Channel4_IRQHandler
                0x0000000008005450                ADC1_IRQHandler
                0x0000000008005450                USART3_IRQHandler
                0x0000000008005450                RTC_IRQHandler
                0x0000000008005450                DMA1_Channel7_IRQHandler
                0x0000000008005450                TIM4_IRQHandler
                0x0000000008005450                I2C1_EV_IRQHandler
                0x0000000008005450                DMA1_Channel6_IRQHandler
                0x0000000008005450                TIM3_IRQHandler
                0x0000000008005450                RCC_IRQHandler
                0x0000000008005450                Default_Handler
                0x0000000008005450                CEC_IRQHandler
                0x0000000008005450                EXTI15_10_IRQHandler
                0x0000000008005450                TIM7_IRQHandler
                0x0000000008005450                EXTI9_5_IRQHandler
                0x0000000008005450                DMA1_Channel5_IRQHandler
                0x0000000008005450                EXTI4_IRQHandler
                0x0000000008005450                TIM1_TRG_COM_TIM17_IRQHandler
                0x0000000008005450                DMA1_Channel3_IRQHandler
                0x0000000008005450                WWDG_IRQHandler
                0x0000000008005450                TIM2_IRQHandler
                0x0000000008005450                EXTI1_IRQHandler
                0x0000000008005450                USART2_IRQHandler
                0x0000000008005450                DMA1_Channel2_IRQHandler
                0x0000000008005450                FLASH_IRQHandler
                0x0000000008005450                I2C1_ER_IRQHandler
                0x0000000008005450                TIM1_BRK_TIM15_IRQHandler
 .text.LL_ADC_Init
                0x0000000008005452       0x2a Drivers/STM32F1xx_HAL_Driver/Src/stm32f1xx_ll_adc.o
                0x0000000008005452                LL_ADC_Init
 .text.LL_ADC_REG_Init
                0x000000000800547c       0x44 Drivers/STM32F1xx_HAL_Driver/Src/stm32f1xx_ll_adc.o
                0x000000000800547c                LL_ADC_REG_Init
 .text.LL_GPIO_Init
                0x00000000080054c0       0xfa Drivers/STM32F1xx_HAL_Driver/Src/stm32f1xx_ll_gpio.o
                0x00000000080054c0                LL_GPIO_Init
 *fill*         0x00000000080055ba        0x2 
 .text.RCC_GetHCLKClockFreq
                0x00000000080055bc       0x18 Drivers/STM32F1xx_HAL_Driver/Src/stm32f1xx_ll_rcc.o
                0x00000000080055bc                RCC_GetHCLKClockFreq
 .text.RCC_GetPCLK1ClockFreq
                0x00000000080055d4       0x18 Drivers/STM32F1xx_HAL_Driver/Src/stm32f1xx_ll_rcc.o
                0x00000000080055d4                RCC_GetPCLK1ClockFreq
 .text.RCC_GetPCLK2ClockFreq
                0x00000000080055ec       0x18 Drivers/STM32F1xx_HAL_Driver/Src/stm32f1xx_ll_rcc.o
                0x00000000080055ec                RCC_GetPCLK2ClockFreq
 .text.RCC_PLL_GetFreqDomain_SYS
                0x0000000008005604       0x34 Drivers/STM32F1xx_HAL_Driver/Src/stm32f1xx_ll_rcc.o
                0x0000000008005604                RCC_PLL_GetFreqDomain_SYS
 .text.RCC_GetSystemClockFreq
                0x0000000008005638       0x1c Drivers/STM32F1xx_HAL_Driver/Src/stm32f1xx_ll_rcc.o
                0x0000000008005638                RCC_GetSystemClockFreq
 .text.LL_RCC_GetSystemClocksFreq
                0x0000000008005654       0x20 Drivers/STM32F1xx_HAL_Driver/Src/stm32f1xx_ll_rcc.o
                0x0000000008005654                LL_RCC_GetSystemClocksFreq
 .text.LL_USART_Init
                0x0000000008005674       0xd8 Drivers/STM32F1xx_HAL_Driver/Src/stm32f1xx_ll_usart.o
                0x0000000008005674                LL_USART_Init
 .text.LL_Init1msTick
                0x000000000800574c       0x1c Drivers/STM32F1xx_HAL_Driver/Src/stm32f1xx_ll_utils.o
                0x000000000800574c                LL_Init1msTick
 .text.LL_SetSystemCoreClock
                0x0000000008005768        0xc Drivers/STM32F1xx_HAL_Driver/Src/stm32f1xx_ll_utils.o
                0x0000000008005768                LL_SetSystemCoreClock
 .text.__libc_init_array
                0x0000000008005774       0x48 c:/st/stm32cubeide_1.6.0/stm32cubeide/plugins/com.st.stm32cube.ide.mcu.externaltools.gnu-tools-for-stm32.9-2020-q2-update.win32_1.5.0.202011040924/tools/bin/../lib/gcc/arm-none-eabi/9.3.1/../../../../arm-none-eabi/lib/thumb/v7-m/nofp\libc_nano.a(lib_a-init.o)
                0x0000000008005774                __libc_init_array
 .text.memcpy   0x00000000080057bc       0x1c c:/st/stm32cubeide_1.6.0/stm32cubeide/plugins/com.st.stm32cube.ide.mcu.externaltools.gnu-tools-for-stm32.9-2020-q2-update.win32_1.5.0.202011040924/tools/bin/../lib/gcc/arm-none-eabi/9.3.1/../../../../arm-none-eabi/lib/thumb/v7-m/nofp\libc_nano.a(lib_a-memcpy-stub.o)
                0x00000000080057bc                memcpy
 .text.memset   0x00000000080057d8       0x10 c:/st/stm32cubeide_1.6.0/stm32cubeide/plugins/com.st.stm32cube.ide.mcu.externaltools.gnu-tools-for-stm32.9-2020-q2-update.win32_1.5.0.202011040924/tools/bin/../lib/gcc/arm-none-eabi/9.3.1/../../../../arm-none-eabi/lib/thumb/v7-m/nofp\libc_nano.a(lib_a-memset.o)
                0x00000000080057d8                memset
 *(.glue_7)
 .glue_7        0x00000000080057e8        0x0 linker stubs
 *(.glue_7t)
 .glue_7t       0x00000000080057e8        0x0 linker stubs
 *(.eh_frame)
 .eh_frame      0x00000000080057e8        0x0 c:/st/stm32cubeide_1.6.0/stm32cubeide/plugins/com.st.stm32cube.ide.mcu.externaltools.gnu-tools-for-stm32.9-2020-q2-update.win32_1.5.0.202011040924/tools/bin/../lib/gcc/arm-none-eabi/9.3.1/thumb/v7-m/nofp/crtbegin.o
 *(.init)
 .init          0x00000000080057e8        0x4 c:/st/stm32cubeide_1.6.0/stm32cubeide/plugins/com.st.stm32cube.ide.mcu.externaltools.gnu-tools-for-stm32.9-2020-q2-update.win32_1.5.0.202011040924/tools/bin/../lib/gcc/arm-none-eabi/9.3.1/thumb/v7-m/nofp/crti.o
                0x00000000080057e8                _init
 .init          0x00000000080057ec        0x8 c:/st/stm32cubeide_1.6.0/stm32cubeide/plugins/com.st.stm32cube.ide.mcu.externaltools.gnu-tools-for-stm32.9-2020-q2-update.win32_1.5.0.202011040924/tools/bin/../lib/gcc/arm-none-eabi/9.3.1/thumb/v7-m/nofp/crtn.o
 *(.fini)
 .fini          0x00000000080057f4        0x4 c:/st/stm32cubeide_1.6.0/stm32cubeide/plugins/com.st.stm32cube.ide.mcu.externaltools.gnu-tools-for-stm32.9-2020-q2-update.win32_1.5.0.202011040924/tools/bin/../lib/gcc/arm-none-eabi/9.3.1/thumb/v7-m/nofp/crti.o
                0x00000000080057f4                _fini
 .fini          0x00000000080057f8        0x8 c:/st/stm32cubeide_1.6.0/stm32cubeide/plugins/com.st.stm32cube.ide.mcu.externaltools.gnu-tools-for-stm32.9-2020-q2-update.win32_1.5.0.202011040924/tools/bin/../lib/gcc/arm-none-eabi/9.3.1/thumb/v7-m/nofp/crtn.o
                0x0000000008005800                . = ALIGN (0x4)
                0x0000000008005800                _etext = .

.vfp11_veneer   0x0000000008005800        0x0
 .vfp11_veneer  0x0000000008005800        0x0 linker stubs

.v4_bx          0x0000000008005800        0x0
 .v4_bx         0x0000000008005800        0x0 linker stubs

.iplt           0x0000000008005800        0x0
 .iplt          0x0000000008005800        0x0 c:/st/stm32cubeide_1.6.0/stm32cubeide/plugins/com.st.stm32cube.ide.mcu.externaltools.gnu-tools-for-stm32.9-2020-q2-update.win32_1.5.0.202011040924/tools/bin/../lib/gcc/arm-none-eabi/9.3.1/thumb/v7-m/nofp/crtbegin.o

.rodata         0x0000000008005800     0x1550
                0x0000000008005800                . = ALIGN (0x4)
 *(.rodata)
 .rodata        0x0000000008005800      0x100 Core/Src/Eeprom.o
 *(.rodata*)
 .rodata.flash_write_block.str1.1
                0x0000000008005900       0x15 Core/Src/Eeprom.o
 .rodata.flash_read.str1.1
                0x0000000008005915       0x40 Core/Src/Eeprom.o
 .rodata.CalibrationWriteToFlash.str1.1
                0x0000000008005955       0x19 Core/Src/Eeprom.o
 .rodata.CalibrationFactoryWriteToFlash.str1.1
                0x000000000800596e       0x20 Core/Src/Eeprom.o
 .rodata.CalibrationReadFromFlash.str1.1
                0x000000000800598e       0x1a Core/Src/Eeprom.o
 .rodata.CalibrationReadFromFlashForVerify.str1.1
                0x00000000080059a8       0x23 Core/Src/Eeprom.o
 .rodata.SettingsWriteToFlash.str1.1
                0x00000000080059cb       0x16 Core/Src/Eeprom.o
 .rodata.SettingsFactoryWriteToFlash.str1.1
                0x00000000080059e1       0x1d Core/Src/Eeprom.o
 .rodata.SettingsReadFromFlash.str1.1
                0x00000000080059fe       0x17 Core/Src/Eeprom.o
 .rodata.SettingsReadFromFlashForVerify.str1.1
                0x0000000008005a15       0x20 Core/Src/Eeprom.o
 .rodata.DataWhenPowerOff_Factory_WriteToFlash.str1.1
                0x0000000008005a35       0x27 Core/Src/Eeprom.o
 .rodata.DataWhenPowerOffReadFromFlash.str1.1
                0x0000000008005a5c       0x1f Core/Src/Eeprom.o
 .rodata.DataWhenPowerOffReadFromFlashForVerify.str1.1
                0x0000000008005a7b       0x28 Core/Src/Eeprom.o
 .rodata.ReadFromFlash.str1.1
                0x0000000008005aa3       0x34 Core/Src/Eeprom.o
 .rodata.CalibrationWriteToFlash_CRC.str1.1
                0x0000000008005ad7       0x34 Core/Src/Eeprom.o
                                         0x53 (size before relaxing)
 .rodata.SettingsWriteToFlash_CRC.str1.1
                0x0000000008005ad7       0x34 Core/Src/Eeprom.o
                                         0x62 (size before relaxing)
 .rodata.FactoryWriteToFlash_CRC.str1.1
                0x0000000008005ad7      0x132 Core/Src/Eeprom.o
 .rodata.WriteInLOG.str1.1
                0x0000000008005c09        0x9 Core/Src/General.o
                                         0x11 (size before relaxing)
 .rodata.InfoToUARTBeforeStart.str1.1
                0x0000000008005c12      0x249 Core/Src/General.o
 *fill*         0x0000000008005e5b        0x1 
 .rodata.NULL_MENU
                0x0000000008005e5c       0x18 Core/Src/MicroMenu2_1.o
                0x0000000008005e5c                NULL_MENU
 .rodata.MenuSettingsBatteryType_Enter.str1.1
                0x0000000008005e74       0x66 Core/Src/main.o
 .rodata.MenuCalibrationWriteToFlash_Enter.str1.1
                0x0000000008005eda        0xc Core/Src/main.o
 .rodata.MenuDischarge_Enter.str1.1
                0x0000000008005ee6        0x4 Core/Src/main.o
 .rodata.MenuCharge_Enter.str1.1
                0x0000000008005eea        0x8 Core/Src/main.o
                                         0x10 (size before relaxing)
 .rodata.MenuLog.str1.1
                0x0000000008005ef2       0x20 Core/Src/main.o
 .rodata.MenuCalibration_BackToFactory.str1.1
                0x0000000008005f12       0x53 Core/Src/main.o
 .rodata.MenuSettingsChargeTime.str1.1
                0x0000000008005f65        0x5 Core/Src/main.o
 .rodata.MenuSettingsBatteryType.str1.1
                0x0000000008005f6a       0x75 Core/Src/main.o
 .rodata.MenuSettingsLowVolt.str1.1
                0x0000000008005fdf       0x75 Core/Src/main.o
                                          0x5 (size before relaxing)
 .rodata.MenuSettingsSwngChrgTime.str1.1
                0x0000000008005fdf        0x9 Core/Src/main.o
 .rodata.MenuSettingsChargeAddapt.str1.1
                0x0000000008005fe8        0x6 Core/Src/main.o
 .rodata.MenuSettingsSaveMenuPosWhenOFF.str1.1
                0x0000000008005fee       0x77 Core/Src/main.o
 .rodata.MenuSettingsOutAfterPowerUp.str1.1
                0x0000000008006065       0x33 Core/Src/main.o
 .rodata.ClockOnLCD.str1.1
                0x0000000008006098        0x2 Core/Src/main.o
                                          0x4 (size before relaxing)
 .rodata.MenuPowerSupply.str1.1
                0x000000000800609a       0x49 Core/Src/main.o
 .rodata.MenuDIAGNOSTIC.str1.1
                0x00000000080060e3       0x32 Core/Src/main.o
                                         0x4f (size before relaxing)
 .rodata.MenuCalibration_CURRENT_1k.str1.1
                0x0000000008006115        0x5 Core/Src/main.o
                                          0x9 (size before relaxing)
 .rodata.MenuCalibration_CURRENT_10R.str1.1
                0x000000000800611a        0x5 Core/Src/main.o
 .rodata.MenuCalibration_Resist_Comp_5V1A.str1.1
                0x000000000800611f        0xb Core/Src/main.o
 .rodata.discharge1.str1.1
                0x000000000800612a        0xa Core/Src/main.o
 .rodata.MenuBatterySimilation.str1.1
                0x0000000008006134        0xf Core/Src/main.o
 .rodata.charge1.str1.1
                0x0000000008006143        0xf Core/Src/main.o
                                          0x7 (size before relaxing)
 .rodata.MenuTraining_new.str1.1
                0x0000000008006143      0x101 Core/Src/main.o
                                        0x10d (size before relaxing)
 .rodata.MenuSwing.str1.1
                0x0000000008006244        0x8 Core/Src/main.o
                                          0xb (size before relaxing)
 .rodata.MenuChargeCC_CV.str1.1
                0x000000000800624c       0x25 Core/Src/main.o
 .rodata.MenuChargeAdapt.str1.1
                0x0000000008006271        0x9 Core/Src/main.o
 .rodata.MenuDisCharge.str1.1
                0x000000000800627a        0xc Core/Src/main.o
                                          0xf (size before relaxing)
 .rodata.main.str1.1
                0x0000000008006286       0x37 Core/Src/main.o
                                         0x59 (size before relaxing)
 *fill*         0x00000000080062bd        0x3 
 .rodata.Menu_1
                0x00000000080062c0       0x29 Core/Src/main.o
                0x00000000080062c0                Menu_1
 *fill*         0x00000000080062e9        0x3 
 .rodata.Menu_10
                0x00000000080062ec       0x29 Core/Src/main.o
                0x00000000080062ec                Menu_10
 *fill*         0x0000000008006315        0x3 
 .rodata.Menu_10_1
                0x0000000008006318       0x29 Core/Src/main.o
                0x0000000008006318                Menu_10_1
 *fill*         0x0000000008006341        0x3 
 .rodata.Menu_10_10
                0x0000000008006344       0x29 Core/Src/main.o
                0x0000000008006344                Menu_10_10
 *fill*         0x000000000800636d        0x3 
 .rodata.Menu_10_1_1
                0x0000000008006370       0x29 Core/Src/main.o
                0x0000000008006370                Menu_10_1_1
 *fill*         0x0000000008006399        0x3 
 .rodata.Menu_10_2
                0x000000000800639c       0x29 Core/Src/main.o
                0x000000000800639c                Menu_10_2
 *fill*         0x00000000080063c5        0x3 
 .rodata.Menu_10_2_1
                0x00000000080063c8       0x29 Core/Src/main.o
                0x00000000080063c8                Menu_10_2_1
 *fill*         0x00000000080063f1        0x3 
 .rodata.Menu_10_3
                0x00000000080063f4       0x29 Core/Src/main.o
                0x00000000080063f4                Menu_10_3
 *fill*         0x000000000800641d        0x3 
 .rodata.Menu_10_3_1
                0x0000000008006420       0x29 Core/Src/main.o
                0x0000000008006420                Menu_10_3_1
 *fill*         0x0000000008006449        0x3 
 .rodata.Menu_10_4
                0x000000000800644c       0x29 Core/Src/main.o
                0x000000000800644c                Menu_10_4
 *fill*         0x0000000008006475        0x3 
 .rodata.Menu_10_4_1
                0x0000000008006478       0x29 Core/Src/main.o
                0x0000000008006478                Menu_10_4_1
 *fill*         0x00000000080064a1        0x3 
 .rodata.Menu_10_5
                0x00000000080064a4       0x29 Core/Src/main.o
                0x00000000080064a4                Menu_10_5
 *fill*         0x00000000080064cd        0x3 
 .rodata.Menu_10_5_1
                0x00000000080064d0       0x29 Core/Src/main.o
                0x00000000080064d0                Menu_10_5_1
 *fill*         0x00000000080064f9        0x3 
 .rodata.Menu_10_6
                0x00000000080064fc       0x29 Core/Src/main.o
                0x00000000080064fc                Menu_10_6
 *fill*         0x0000000008006525        0x3 
 .rodata.Menu_10_6_1
                0x0000000008006528       0x29 Core/Src/main.o
                0x0000000008006528                Menu_10_6_1
 *fill*         0x0000000008006551        0x3 
 .rodata.Menu_10_7
                0x0000000008006554       0x29 Core/Src/main.o
                0x0000000008006554                Menu_10_7
 *fill*         0x000000000800657d        0x3 
 .rodata.Menu_10_7_1
                0x0000000008006580       0x19 Core/Src/main.o
                0x0000000008006580                Menu_10_7_1
 *fill*         0x0000000008006599        0x3 
 .rodata.Menu_10_8
                0x000000000800659c       0x29 Core/Src/main.o
                0x000000000800659c                Menu_10_8
 *fill*         0x00000000080065c5        0x3 
 .rodata.Menu_10_8_1
                0x00000000080065c8       0x19 Core/Src/main.o
                0x00000000080065c8                Menu_10_8_1
 *fill*         0x00000000080065e1        0x3 
 .rodata.Menu_10_9
                0x00000000080065e4       0x29 Core/Src/main.o
                0x00000000080065e4                Menu_10_9
 *fill*         0x000000000800660d        0x3 
 .rodata.Menu_10_9_1
                0x0000000008006610       0x19 Core/Src/main.o
                0x0000000008006610                Menu_10_9_1
 *fill*         0x0000000008006629        0x3 
 .rodata.Menu_11
                0x000000000800662c       0x29 Core/Src/main.o
                0x000000000800662c                Menu_11
 *fill*         0x0000000008006655        0x3 
 .rodata.Menu_11_1
                0x0000000008006658       0x29 Core/Src/main.o
                0x0000000008006658                Menu_11_1
 *fill*         0x0000000008006681        0x3 
 .rodata.Menu_1_1
                0x0000000008006684       0x29 Core/Src/main.o
                0x0000000008006684                Menu_1_1
 *fill*         0x00000000080066ad        0x3 
 .rodata.Menu_1_1_1
                0x00000000080066b0       0x29 Core/Src/main.o
                0x00000000080066b0                Menu_1_1_1
 *fill*         0x00000000080066d9        0x3 
 .rodata.Menu_1_1_1a
                0x00000000080066dc       0x29 Core/Src/main.o
                0x00000000080066dc                Menu_1_1_1a
 *fill*         0x0000000008006705        0x3 
 .rodata.Menu_1_1a
                0x0000000008006708       0x29 Core/Src/main.o
                0x0000000008006708                Menu_1_1a
 *fill*         0x0000000008006731        0x3 
 .rodata.Menu_1_2
                0x0000000008006734       0x29 Core/Src/main.o
                0x0000000008006734                Menu_1_2
 *fill*         0x000000000800675d        0x3 
 .rodata.Menu_1_2_1
                0x0000000008006760       0x29 Core/Src/main.o
                0x0000000008006760                Menu_1_2_1
 *fill*         0x0000000008006789        0x3 
 .rodata.Menu_1_3
                0x000000000800678c       0x29 Core/Src/main.o
                0x000000000800678c                Menu_1_3
 *fill*         0x00000000080067b5        0x3 
 .rodata.Menu_1_3_1
                0x00000000080067b8       0x29 Core/Src/main.o
                0x00000000080067b8                Menu_1_3_1
 *fill*         0x00000000080067e1        0x3 
 .rodata.Menu_1_4
                0x00000000080067e4       0x29 Core/Src/main.o
                0x00000000080067e4                Menu_1_4
 *fill*         0x000000000800680d        0x3 
 .rodata.Menu_1_4_1
                0x0000000008006810       0x29 Core/Src/main.o
                0x0000000008006810                Menu_1_4_1
 *fill*         0x0000000008006839        0x3 
 .rodata.Menu_1_5
                0x000000000800683c       0x29 Core/Src/main.o
                0x000000000800683c                Menu_1_5
 *fill*         0x0000000008006865        0x3 
 .rodata.Menu_1_5_1
                0x0000000008006868       0x29 Core/Src/main.o
                0x0000000008006868                Menu_1_5_1
 *fill*         0x0000000008006891        0x3 
 .rodata.Menu_1_6
                0x0000000008006894       0x29 Core/Src/main.o
                0x0000000008006894                Menu_1_6
 *fill*         0x00000000080068bd        0x3 
 .rodata.Menu_1_6_1
                0x00000000080068c0       0x29 Core/Src/main.o
                0x00000000080068c0                Menu_1_6_1
 *fill*         0x00000000080068e9        0x3 
 .rodata.Menu_1_7
                0x00000000080068ec       0x29 Core/Src/main.o
                0x00000000080068ec                Menu_1_7
 *fill*         0x0000000008006915        0x3 
 .rodata.Menu_1_S
                0x0000000008006918       0x29 Core/Src/main.o
                0x0000000008006918                Menu_1_S
 *fill*         0x0000000008006941        0x3 
 .rodata.Menu_1_SO
                0x0000000008006944       0x29 Core/Src/main.o
                0x0000000008006944                Menu_1_SO
 *fill*         0x000000000800696d        0x3 
 .rodata.Menu_1_SO_1
                0x0000000008006970       0x29 Core/Src/main.o
                0x0000000008006970                Menu_1_SO_1
 *fill*         0x0000000008006999        0x3 
 .rodata.Menu_1_S_1
                0x000000000800699c       0x29 Core/Src/main.o
                0x000000000800699c                Menu_1_S_1
 *fill*         0x00000000080069c5        0x3 
 .rodata.Menu_2
                0x00000000080069c8       0x29 Core/Src/main.o
                0x00000000080069c8                Menu_2
 *fill*         0x00000000080069f1        0x3 
 .rodata.Menu_2_1
                0x00000000080069f4       0x29 Core/Src/main.o
                0x00000000080069f4                Menu_2_1
 *fill*         0x0000000008006a1d        0x3 
 .rodata.Menu_3
                0x0000000008006a20       0x29 Core/Src/main.o
                0x0000000008006a20                Menu_3
 *fill*         0x0000000008006a49        0x3 
 .rodata.Menu_3_1
                0x0000000008006a4c       0x29 Core/Src/main.o
                0x0000000008006a4c                Menu_3_1
 *fill*         0x0000000008006a75        0x3 
 .rodata.Menu_4
                0x0000000008006a78       0x29 Core/Src/main.o
                0x0000000008006a78                Menu_4
 *fill*         0x0000000008006aa1        0x3 
 .rodata.Menu_4_1
                0x0000000008006aa4       0x29 Core/Src/main.o
                0x0000000008006aa4                Menu_4_1
 *fill*         0x0000000008006acd        0x3 
 .rodata.Menu_5
                0x0000000008006ad0       0x29 Core/Src/main.o
                0x0000000008006ad0                Menu_5
 *fill*         0x0000000008006af9        0x3 
 .rodata.Menu_5_1
                0x0000000008006afc       0x29 Core/Src/main.o
                0x0000000008006afc                Menu_5_1
 *fill*         0x0000000008006b25        0x3 
 .rodata.Menu_6
                0x0000000008006b28       0x29 Core/Src/main.o
                0x0000000008006b28                Menu_6
 *fill*         0x0000000008006b51        0x3 
 .rodata.Menu_6_1
                0x0000000008006b54       0x29 Core/Src/main.o
                0x0000000008006b54                Menu_6_1
 *fill*         0x0000000008006b7d        0x3 
 .rodata.Menu_6_1a
                0x0000000008006b80       0x29 Core/Src/main.o
                0x0000000008006b80                Menu_6_1a
 *fill*         0x0000000008006ba9        0x3 
 .rodata.Menu_6a
                0x0000000008006bac       0x29 Core/Src/main.o
                0x0000000008006bac                Menu_6a
 *fill*         0x0000000008006bd5        0x3 
 .rodata.Menu_7
                0x0000000008006bd8       0x29 Core/Src/main.o
                0x0000000008006bd8                Menu_7
 *fill*         0x0000000008006c01        0x3 
 .rodata.Menu_7_1
                0x0000000008006c04       0x29 Core/Src/main.o
                0x0000000008006c04                Menu_7_1
 *fill*         0x0000000008006c2d        0x3 
 .rodata.Menu_8
                0x0000000008006c30       0x29 Core/Src/main.o
                0x0000000008006c30                Menu_8
 *fill*         0x0000000008006c59        0x3 
 .rodata.Menu_8_1
                0x0000000008006c5c       0x29 Core/Src/main.o
                0x0000000008006c5c                Menu_8_1
 *fill*         0x0000000008006c85        0x3 
 .rodata.Menu_8a
                0x0000000008006c88       0x29 Core/Src/main.o
                0x0000000008006c88                Menu_8a
 *fill*         0x0000000008006cb1        0x3 
 .rodata.Menu_8a_1
                0x0000000008006cb4       0x29 Core/Src/main.o
                0x0000000008006cb4                Menu_8a_1
 *fill*         0x0000000008006cdd        0x3 
 .rodata.Menu_9
                0x0000000008006ce0       0x29 Core/Src/main.o
                0x0000000008006ce0                Menu_9
 *fill*         0x0000000008006d09        0x3 
 .rodata.Menu_9_1
                0x0000000008006d0c       0x29 Core/Src/main.o
                0x0000000008006d0c                Menu_9_1
 .rodata.AHBPrescTable
                0x0000000008006d35       0x10 Core/Src/system_stm32f1xx.o
                0x0000000008006d35                AHBPrescTable
 .rodata.APBPrescTable
                0x0000000008006d45        0x8 Core/Src/system_stm32f1xx.o
                0x0000000008006d45                APBPrescTable
                0x0000000008006d50                . = ALIGN (0x4)
 *fill*         0x0000000008006d4d        0x3 

.rel.dyn        0x0000000008006d50        0x0
 .rel.iplt      0x0000000008006d50        0x0 c:/st/stm32cubeide_1.6.0/stm32cubeide/plugins/com.st.stm32cube.ide.mcu.externaltools.gnu-tools-for-stm32.9-2020-q2-update.win32_1.5.0.202011040924/tools/bin/../lib/gcc/arm-none-eabi/9.3.1/thumb/v7-m/nofp/crtbegin.o

.ARM.extab      0x0000000008006d50        0x0
                0x0000000008006d50                . = ALIGN (0x4)
 *(.ARM.extab* .gnu.linkonce.armextab.*)
                0x0000000008006d50                . = ALIGN (0x4)

.ARM            0x0000000008006d50        0x0
                0x0000000008006d50                . = ALIGN (0x4)
                0x0000000008006d50                __exidx_start = .
 *(.ARM.exidx*)
                0x0000000008006d50                __exidx_end = .
                0x0000000008006d50                . = ALIGN (0x4)

.preinit_array  0x0000000008006d50        0x0
                0x0000000008006d50                . = ALIGN (0x4)
                0x0000000008006d50                PROVIDE (__preinit_array_start = .)
 *(.preinit_array*)
                0x0000000008006d50                PROVIDE (__preinit_array_end = .)
                0x0000000008006d50                . = ALIGN (0x4)

.init_array     0x0000000008006d50        0x4
                0x0000000008006d50                . = ALIGN (0x4)
                0x0000000008006d50                PROVIDE (__init_array_start = .)
 *(SORT_BY_NAME(.init_array.*))
 *(.init_array*)
 .init_array    0x0000000008006d50        0x4 c:/st/stm32cubeide_1.6.0/stm32cubeide/plugins/com.st.stm32cube.ide.mcu.externaltools.gnu-tools-for-stm32.9-2020-q2-update.win32_1.5.0.202011040924/tools/bin/../lib/gcc/arm-none-eabi/9.3.1/thumb/v7-m/nofp/crtbegin.o
                0x0000000008006d54                PROVIDE (__init_array_end = .)
                0x0000000008006d54                . = ALIGN (0x4)

.fini_array     0x0000000008006d54        0x4
                0x0000000008006d54                . = ALIGN (0x4)
                [!provide]                        PROVIDE (__fini_array_start = .)
 *(SORT_BY_NAME(.fini_array.*))
 *(.fini_array*)
 .fini_array    0x0000000008006d54        0x4 c:/st/stm32cubeide_1.6.0/stm32cubeide/plugins/com.st.stm32cube.ide.mcu.externaltools.gnu-tools-for-stm32.9-2020-q2-update.win32_1.5.0.202011040924/tools/bin/../lib/gcc/arm-none-eabi/9.3.1/thumb/v7-m/nofp/crtbegin.o
                [!provide]                        PROVIDE (__fini_array_end = .)
                0x0000000008006d58                . = ALIGN (0x4)
                0x0000000008006d58                _sidata = LOADADDR (.data)

.data           0x0000000020000000      0x290 load address 0x0000000008006d58
                0x0000000020000000                . = ALIGN (0x4)
                0x0000000020000000                _sdata = .
 *(.data)
 *(.data*)
 .data.EEpromReadStatus
                0x0000000020000000        0x1 Core/Src/Eeprom.o
 *fill*         0x0000000020000001        0x3 
 .data.CalibrationData
                0x0000000020000004       0x50 Core/Src/General.o
                0x0000000020000004                CalibrationData
 .data.CalibrationDataFactory
                0x0000000020000054       0x50 Core/Src/General.o
                0x0000000020000054                CalibrationDataFactory
 .data.CalibrationDataForVerify
                0x00000000200000a4       0x50 Core/Src/General.o
                0x00000000200000a4                CalibrationDataForVerify
 .data.SaveDataWhenPowerOff
                0x00000000200000f4       0x20 Core/Src/General.o
                0x00000000200000f4                SaveDataWhenPowerOff
 .data.SaveDataWhenPowerOffFactory
                0x0000000020000114       0x20 Core/Src/General.o
                0x0000000020000114                SaveDataWhenPowerOffFactory
 .data.SaveDataWhenPowerOffForVerify
                0x0000000020000134       0x20 Core/Src/General.o
                0x0000000020000134                SaveDataWhenPowerOffForVerify
 .data.SettingsData
                0x0000000020000154       0x48 Core/Src/General.o
                0x0000000020000154                SettingsData
 .data.SettingsDataFactory
                0x000000002000019c       0x48 Core/Src/General.o
                0x000000002000019c                SettingsDataFactory
 .data.SettingsDataForVerify
                0x00000000200001e4       0x48 Core/Src/General.o
                0x00000000200001e4                SettingsDataForVerify
 .data.T_Table  0x000000002000022c       0x20 Core/Src/General.o
                0x000000002000022c                T_Table
 .data.CurrentMenuItem
                0x000000002000024c        0x4 Core/Src/MicroMenu2_1.o
 .data.russ     0x0000000020000250       0x20 Core/Src/hd44780_driver.o
                0x0000000020000250                russ
 .data.ChargeDischargeStatus
                0x0000000020000270        0x1 Core/Src/main.o
                0x0000000020000270                ChargeDischargeStatus
 *fill*         0x0000000020000271        0x3 
 .data.OutStateAfterPowerUp
                0x0000000020000274        0x4 Core/Src/main.o
                0x0000000020000274                OutStateAfterPowerUp
 .data.ResistanceComp_Voltage.7760
                0x0000000020000278        0x2 Core/Src/main.o
 .data.Version  0x000000002000027a       0x11 Core/Src/main.o
                0x000000002000027a                Version
 *fill*         0x000000002000028b        0x1 
 .data.SystemCoreClock
                0x000000002000028c        0x4 Core/Src/system_stm32f1xx.o
                0x000000002000028c                SystemCoreClock
                0x0000000020000290                . = ALIGN (0x4)
                0x0000000020000290                _edata = .

.igot.plt       0x0000000020000290        0x0 load address 0x0000000008006fe8
 .igot.plt      0x0000000020000290        0x0 c:/st/stm32cubeide_1.6.0/stm32cubeide/plugins/com.st.stm32cube.ide.mcu.externaltools.gnu-tools-for-stm32.9-2020-q2-update.win32_1.5.0.202011040924/tools/bin/../lib/gcc/arm-none-eabi/9.3.1/thumb/v7-m/nofp/crtbegin.o
                0x0000000020000290                . = ALIGN (0x4)

.bss            0x0000000020000290      0x76c load address 0x0000000008006fe8
                0x0000000020000290                _sbss = .
                0x0000000020000290                __bss_start__ = _sbss
 *(.bss)
 .bss           0x0000000020000290       0x1c c:/st/stm32cubeide_1.6.0/stm32cubeide/plugins/com.st.stm32cube.ide.mcu.externaltools.gnu-tools-for-stm32.9-2020-q2-update.win32_1.5.0.202011040924/tools/bin/../lib/gcc/arm-none-eabi/9.3.1/thumb/v7-m/nofp/crtbegin.o
 *(.bss*)
 .bss.Count1000mSecond
                0x00000000200002ac        0x2 Core/Src/General.o
                0x00000000200002ac                Count1000mSecond
 .bss.Count100mSecond
                0x00000000200002ae        0x2 Core/Src/General.o
                0x00000000200002ae                Count100mSecond
 .bss.Count10mSecond
                0x00000000200002b0        0x2 Core/Src/General.o
                0x00000000200002b0                Count10mSecond
 *fill*         0x00000000200002b2        0x2 
 .bss.Current   0x00000000200002b4        0x4 Core/Src/General.o
                0x00000000200002b4                Current
 .bss.CurrentCapacity5ms
                0x00000000200002b8        0x4 Core/Src/General.o
                0x00000000200002b8                CurrentCapacity5ms
 .bss.Current_100R
                0x00000000200002bc        0x4 Core/Src/General.o
                0x00000000200002bc                Current_100R
 .bss.Current_10R
                0x00000000200002c0        0x4 Core/Src/General.o
                0x00000000200002c0                Current_10R
 .bss.Current_1R
                0x00000000200002c4        0x4 Core/Src/General.o
                0x00000000200002c4                Current_1R
 .bss.Current_1k
                0x00000000200002c8        0x4 Core/Src/General.o
                0x00000000200002c8                Current_1k
 .bss.U_OUT_ForSetResistance
                0x00000000200002cc        0x2 Core/Src/General.o
                0x00000000200002cc                U_OUT_ForSetResistance
 .bss.U_PS      0x00000000200002ce        0x2 Core/Src/General.o
                0x00000000200002ce                U_PS
 .bss.bufferUart1
                0x00000000200002d0      0x45c Core/Src/General.o
                0x00000000200002d0                bufferUart1
 .bss.s1.4992   0x000000002000072c       0x10 Core/Src/Lib.o
 .bss.s1.5021   0x000000002000073c       0x11 Core/Src/Lib.o
 *fill*         0x000000002000074d        0x3 
 .bss.MenuWriteFunc
                0x0000000020000750        0x4 Core/Src/MicroMenu2_1.o
 .bss.pos_x     0x0000000020000754        0x1 Core/Src/hd44780_driver.o
                0x0000000020000754                pos_x
 .bss.pos_y     0x0000000020000755        0x1 Core/Src/hd44780_driver.o
                0x0000000020000755                pos_y
 *fill*         0x0000000020000756        0x2 
 .bss.BatteryCapacityCharge
                0x0000000020000758        0x4 Core/Src/main.o
                0x0000000020000758                BatteryCapacityCharge
 .bss.BatteryCapacityDischargeCurrent
                0x000000002000075c        0x4 Core/Src/main.o
                0x000000002000075c                BatteryCapacityDischargeCurrent
 .bss.BatteryCapacityDischargeCurrentAfterPOwerUp
                0x0000000020000760        0x4 Core/Src/main.o
                0x0000000020000760                BatteryCapacityDischargeCurrentAfterPOwerUp
 .bss.BatteryLow
                0x0000000020000764        0x1 Core/Src/main.o
                0x0000000020000764                BatteryLow
 .bss.Blink_message_counter
                0x0000000020000765        0x1 Core/Src/main.o
                0x0000000020000765                Blink_message_counter
 .bss.ChargeDischargeState
                0x0000000020000766        0x1 Core/Src/main.o
                0x0000000020000766                ChargeDischargeState
 .bss.ChargeStatusForTimer
                0x0000000020000767        0x1 Core/Src/main.o
                0x0000000020000767                ChargeStatusForTimer
 .bss.ChargeTimeSec
                0x0000000020000768        0x4 Core/Src/main.o
                0x0000000020000768                ChargeTimeSec
 .bss.CheckingCapacityCounter
                0x000000002000076c        0x1 Core/Src/main.o
                0x000000002000076c                CheckingCapacityCounter
 .bss.CountShow
                0x000000002000076d        0x1 Core/Src/main.o
                0x000000002000076d                CountShow
 .bss.CountShow1
                0x000000002000076e        0x1 Core/Src/main.o
                0x000000002000076e                CountShow1
 .bss.CountShowBT
                0x000000002000076f        0x1 Core/Src/main.o
                0x000000002000076f                CountShowBT
 .bss.CurrentConsumption1s
                0x0000000020000770        0x4 Core/Src/main.o
                0x0000000020000770                CurrentConsumption1s
 .bss.DisChargeStatusForTimer
                0x0000000020000774        0x1 Core/Src/main.o
                0x0000000020000774                DisChargeStatusForTimer
 *fill*         0x0000000020000775        0x3 
 .bss.DischargeTimeSec
                0x0000000020000778        0x4 Core/Src/main.o
                0x0000000020000778                DischargeTimeSec
 .bss.DischargeTimeSec_Previous
                0x000000002000077c        0x4 Core/Src/main.o
                0x000000002000077c                DischargeTimeSec_Previous
 .bss.EnterInMenu_Status
                0x0000000020000780        0x1 Core/Src/main.o
                0x0000000020000780                EnterInMenu_Status
 .bss.InitiStatus
                0x0000000020000781        0x1 Core/Src/main.o
                0x0000000020000781                InitiStatus
 .bss.On_off    0x0000000020000782        0x1 Core/Src/main.o
                0x0000000020000782                On_off
 *fill*         0x0000000020000783        0x1 
 .bss.PowerOffTimesec
                0x0000000020000784        0x4 Core/Src/main.o
                0x0000000020000784                PowerOffTimesec
 .bss.Status_Load
                0x0000000020000788        0x1 Core/Src/main.o
                0x0000000020000788                Status_Load
 .bss.Status_Out
                0x0000000020000789        0x1 Core/Src/main.o
                0x0000000020000789                Status_Out
 .bss.Status_Timer_Sec
                0x000000002000078a        0x1 Core/Src/main.o
                0x000000002000078a                Status_Timer_Sec
 *fill*         0x000000002000078b        0x1 
 .bss.SumI100R  0x000000002000078c        0x4 Core/Src/main.o
                0x000000002000078c                SumI100R
 .bss.SumI100RCounter
                0x0000000020000790        0x2 Core/Src/main.o
                0x0000000020000790                SumI100RCounter
 *fill*         0x0000000020000792        0x2 
 .bss.SumI10R   0x0000000020000794        0x4 Core/Src/main.o
                0x0000000020000794                SumI10R
 .bss.SumI10RCounter
                0x0000000020000798        0x2 Core/Src/main.o
                0x0000000020000798                SumI10RCounter
 *fill*         0x000000002000079a        0x2 
 .bss.SumI1R    0x000000002000079c        0x4 Core/Src/main.o
                0x000000002000079c                SumI1R
 .bss.SumI1RCounter
                0x00000000200007a0        0x2 Core/Src/main.o
                0x00000000200007a0                SumI1RCounter
 *fill*         0x00000000200007a2        0x2 
 .bss.SumI1k    0x00000000200007a4        0x4 Core/Src/main.o
                0x00000000200007a4                SumI1k
 .bss.SumI1kCounter
                0x00000000200007a8        0x2 Core/Src/main.o
                0x00000000200007a8                SumI1kCounter
 *fill*         0x00000000200007aa        0x2 
 .bss.SumU1     0x00000000200007ac        0x4 Core/Src/main.o
                0x00000000200007ac                SumU1
 .bss.SumU1Counter
                0x00000000200007b0        0x2 Core/Src/main.o
                0x00000000200007b0                SumU1Counter
 *fill*         0x00000000200007b2        0x2 
 .bss.TimerForReadyMeasurement_ms
                0x00000000200007b4        0x4 Core/Src/main.o
                0x00000000200007b4                TimerForReadyMeasurement_ms
 .bss.Timer_Sec
                0x00000000200007b8        0x4 Core/Src/main.o
                0x00000000200007b8                Timer_Sec
 .bss.U_BatteryTmp
                0x00000000200007bc        0x2 Core/Src/main.o
                0x00000000200007bc                U_BatteryTmp
 *fill*         0x00000000200007be        0x2 
 .bss.U_Battery_Timer
                0x00000000200007c0        0x4 Core/Src/main.o
                0x00000000200007c0                U_Battery_Timer
 .bss.comp      0x00000000200007c4        0x2 Core/Src/main.o
                0x00000000200007c4                comp
 .bss.i_LogItems
                0x00000000200007c6        0x2 Core/Src/main.o
                0x00000000200007c6                i_LogItems
 .bss.pressedKey
                0x00000000200007c8        0x1 Core/Src/main.o
                0x00000000200007c8                pressedKey
 *fill*         0x00000000200007c9        0x3 
 .bss.time_sec  0x00000000200007cc        0x4 Core/Src/main.o
                0x00000000200007cc                time_sec
 *(COMMON)
 COMMON         0x00000000200007d0      0x220 Core/Src/Eeprom.o
                0x00000000200007d0                U_12V
                0x00000000200007d4                Temperature
                0x00000000200007d8                Temp_R_A_B
                0x0000000020000838                U_IN
                0x000000002000083a                RegularConvData
                0x000000002000084a                U_Controller
                0x000000002000084c                U_OUT
                0x0000000020000850                Rt
                0x0000000020000854                LoggingData
 COMMON         0x00000000200009f0        0xc Core/Src/main.o
                0x00000000200009f0                SelectedOptionValue1
                0x00000000200009f4                ChargeDurationSec
                0x00000000200009f8                SelectedOptionValue
                0x00000000200009fc                . = ALIGN (0x4)
                0x00000000200009fc                _ebss = .
                0x00000000200009fc                __bss_end__ = _ebss

._user_heap_stack
                0x00000000200009fc      0x604 load address 0x0000000008006fe8
                0x0000000020000a00                . = ALIGN (0x8)
 *fill*         0x00000000200009fc        0x4 
                [!provide]                        PROVIDE (end = .)
                0x0000000020000a00                PROVIDE (_end = .)
                0x0000000020000c00                . = (. + _Min_Heap_Size)
 *fill*         0x0000000020000a00      0x200 
                0x0000000020001000                . = (. + _Min_Stack_Size)
 *fill*         0x0000000020000c00      0x400 
                0x0000000020001000                . = ALIGN (0x8)

/DISCARD/
 libc.a(*)
 libm.a(*)
 libgcc.a(*)

.ARM.attributes
                0x0000000000000000       0x29
 *(.ARM.attributes)
 .ARM.attributes
                0x0000000000000000       0x1d c:/st/stm32cubeide_1.6.0/stm32cubeide/plugins/com.st.stm32cube.ide.mcu.externaltools.gnu-tools-for-stm32.9-2020-q2-update.win32_1.5.0.202011040924/tools/bin/../lib/gcc/arm-none-eabi/9.3.1/thumb/v7-m/nofp/crti.o
 .ARM.attributes
                0x000000000000001d       0x2d c:/st/stm32cubeide_1.6.0/stm32cubeide/plugins/com.st.stm32cube.ide.mcu.externaltools.gnu-tools-for-stm32.9-2020-q2-update.win32_1.5.0.202011040924/tools/bin/../lib/gcc/arm-none-eabi/9.3.1/thumb/v7-m/nofp/crtbegin.o
 .ARM.attributes
                0x000000000000004a       0x2d Core/Src/Eeprom.o
 .ARM.attributes
                0x0000000000000077       0x2d Core/Src/General.o
 .ARM.attributes
                0x00000000000000a4       0x2d Core/Src/Lib.o
 .ARM.attributes
                0x00000000000000d1       0x2d Core/Src/MicroMenu2_1.o
 .ARM.attributes
                0x00000000000000fe       0x2d Core/Src/hd44780_driver.o
 .ARM.attributes
                0x000000000000012b       0x2d Core/Src/main.o
 .ARM.attributes
                0x0000000000000158       0x2d Core/Src/stm32f1xx_it.o
 .ARM.attributes
                0x0000000000000185       0x2d Core/Src/system_stm32f1xx.o
 .ARM.attributes
                0x00000000000001b2       0x2d Core/Src/usart.o
 .ARM.attributes
                0x00000000000001df       0x21 Core/Startup/startup_stm32f100c8tx.o
 .ARM.attributes
                0x0000000000000200       0x2d Drivers/STM32F1xx_HAL_Driver/Src/stm32f1xx_ll_adc.o
 .ARM.attributes
                0x000000000000022d       0x2d Drivers/STM32F1xx_HAL_Driver/Src/stm32f1xx_ll_gpio.o
 .ARM.attributes
                0x000000000000025a       0x2d Drivers/STM32F1xx_HAL_Driver/Src/stm32f1xx_ll_rcc.o
 .ARM.attributes
                0x0000000000000287       0x2d Drivers/STM32F1xx_HAL_Driver/Src/stm32f1xx_ll_usart.o
 .ARM.attributes
                0x00000000000002b4       0x2d Drivers/STM32F1xx_HAL_Driver/Src/stm32f1xx_ll_utils.o
 .ARM.attributes
                0x00000000000002e1       0x2d c:/st/stm32cubeide_1.6.0/stm32cubeide/plugins/com.st.stm32cube.ide.mcu.externaltools.gnu-tools-for-stm32.9-2020-q2-update.win32_1.5.0.202011040924/tools/bin/../lib/gcc/arm-none-eabi/9.3.1/../../../../arm-none-eabi/lib/thumb/v7-m/nofp\libc_nano.a(lib_a-init.o)
 .ARM.attributes
                0x000000000000030e       0x2d c:/st/stm32cubeide_1.6.0/stm32cubeide/plugins/com.st.stm32cube.ide.mcu.externaltools.gnu-tools-for-stm32.9-2020-q2-update.win32_1.5.0.202011040924/tools/bin/../lib/gcc/arm-none-eabi/9.3.1/../../../../arm-none-eabi/lib/thumb/v7-m/nofp\libc_nano.a(lib_a-memcpy-stub.o)
 .ARM.attributes
                0x000000000000033b       0x2d c:/st/stm32cubeide_1.6.0/stm32cubeide/plugins/com.st.stm32cube.ide.mcu.externaltools.gnu-tools-for-stm32.9-2020-q2-update.win32_1.5.0.202011040924/tools/bin/../lib/gcc/arm-none-eabi/9.3.1/../../../../arm-none-eabi/lib/thumb/v7-m/nofp\libc_nano.a(lib_a-memset.o)
 .ARM.attributes
                0x0000000000000368       0x1d c:/st/stm32cubeide_1.6.0/stm32cubeide/plugins/com.st.stm32cube.ide.mcu.externaltools.gnu-tools-for-stm32.9-2020-q2-update.win32_1.5.0.202011040924/tools/bin/../lib/gcc/arm-none-eabi/9.3.1/thumb/v7-m/nofp/crtn.o
OUTPUT(PSL1401MKA.elf elf32-littlearm)
LOAD linker stubs
LOAD c:/st/stm32cubeide_1.6.0/stm32cubeide/plugins/com.st.stm32cube.ide.mcu.externaltools.gnu-tools-for-stm32.9-2020-q2-update.win32_1.5.0.202011040924/tools/bin/../lib/gcc/arm-none-eabi/9.3.1/../../../../arm-none-eabi/lib/thumb/v7-m/nofp\libc.a
LOAD c:/st/stm32cubeide_1.6.0/stm32cubeide/plugins/com.st.stm32cube.ide.mcu.externaltools.gnu-tools-for-stm32.9-2020-q2-update.win32_1.5.0.202011040924/tools/bin/../lib/gcc/arm-none-eabi/9.3.1/../../../../arm-none-eabi/lib/thumb/v7-m/nofp\libm.a
LOAD c:/st/stm32cubeide_1.6.0/stm32cubeide/plugins/com.st.stm32cube.ide.mcu.externaltools.gnu-tools-for-stm32.9-2020-q2-update.win32_1.5.0.202011040924/tools/bin/../lib/gcc/arm-none-eabi/9.3.1/thumb/v7-m/nofp\libgcc.a

.debug_info     0x0000000000000000    0x11c43
 .debug_info    0x0000000000000000     0x22db Core/Src/Eeprom.o
 .debug_info    0x00000000000022db     0x117d Core/Src/General.o
 .debug_info    0x0000000000003458      0xc6e Core/Src/Lib.o
 .debug_info    0x00000000000040c6      0x2c9 Core/Src/MicroMenu2_1.o
 .debug_info    0x000000000000438f     0x126e Core/Src/hd44780_driver.o
 .debug_info    0x00000000000055fd     0x805b Core/Src/main.o
 .debug_info    0x000000000000d658      0x9e8 Core/Src/stm32f1xx_it.o
 .debug_info    0x000000000000e040      0x284 Core/Src/system_stm32f1xx.o
 .debug_info    0x000000000000e2c4      0xcfb Core/Src/usart.o
 .debug_info    0x000000000000efbf       0x22 Core/Startup/startup_stm32f100c8tx.o
 .debug_info    0x000000000000efe1      0xa13 Drivers/STM32F1xx_HAL_Driver/Src/stm32f1xx_ll_adc.o
 .debug_info    0x000000000000f9f4      0x95e Drivers/STM32F1xx_HAL_Driver/Src/stm32f1xx_ll_gpio.o
 .debug_info    0x0000000000010352      0x6f4 Drivers/STM32F1xx_HAL_Driver/Src/stm32f1xx_ll_rcc.o
 .debug_info    0x0000000000010a46      0x870 Drivers/STM32F1xx_HAL_Driver/Src/stm32f1xx_ll_usart.o
 .debug_info    0x00000000000112b6      0x98d Drivers/STM32F1xx_HAL_Driver/Src/stm32f1xx_ll_utils.o

.debug_abbrev   0x0000000000000000     0x2845
 .debug_abbrev  0x0000000000000000      0x3c3 Core/Src/Eeprom.o
 .debug_abbrev  0x00000000000003c3      0x2ed Core/Src/General.o
 .debug_abbrev  0x00000000000006b0      0x208 Core/Src/Lib.o
 .debug_abbrev  0x00000000000008b8      0x212 Core/Src/MicroMenu2_1.o
 .debug_abbrev  0x0000000000000aca      0x36b Core/Src/hd44780_driver.o
 .debug_abbrev  0x0000000000000e35      0x6a7 Core/Src/main.o
 .debug_abbrev  0x00000000000014dc      0x1e7 Core/Src/stm32f1xx_it.o
 .debug_abbrev  0x00000000000016c3      0x12f Core/Src/system_stm32f1xx.o
 .debug_abbrev  0x00000000000017f2      0x2be Core/Src/usart.o
 .debug_abbrev  0x0000000000001ab0       0x12 Core/Startup/startup_stm32f100c8tx.o
 .debug_abbrev  0x0000000000001ac2      0x24f Drivers/STM32F1xx_HAL_Driver/Src/stm32f1xx_ll_adc.o
 .debug_abbrev  0x0000000000001d11      0x276 Drivers/STM32F1xx_HAL_Driver/Src/stm32f1xx_ll_gpio.o
 .debug_abbrev  0x0000000000001f87      0x2cf Drivers/STM32F1xx_HAL_Driver/Src/stm32f1xx_ll_rcc.o
 .debug_abbrev  0x0000000000002256      0x2c4 Drivers/STM32F1xx_HAL_Driver/Src/stm32f1xx_ll_usart.o
 .debug_abbrev  0x000000000000251a      0x32b Drivers/STM32F1xx_HAL_Driver/Src/stm32f1xx_ll_utils.o

.debug_loc      0x0000000000000000     0x51fa
 .debug_loc     0x0000000000000000      0x373 Core/Src/Eeprom.o
 .debug_loc     0x0000000000000373      0x563 Core/Src/General.o
 .debug_loc     0x00000000000008d6     0x141c Core/Src/Lib.o
 .debug_loc     0x0000000000001cf2       0xe0 Core/Src/MicroMenu2_1.o
 .debug_loc     0x0000000000001dd2      0x614 Core/Src/hd44780_driver.o
 .debug_loc     0x00000000000023e6     0x14f8 Core/Src/main.o
 .debug_loc     0x00000000000038de       0xfe Core/Src/system_stm32f1xx.o
 .debug_loc     0x00000000000039dc      0x375 Core/Src/usart.o
 .debug_loc     0x0000000000003d51      0x36a Drivers/STM32F1xx_HAL_Driver/Src/stm32f1xx_ll_adc.o
 .debug_loc     0x00000000000040bb      0x690 Drivers/STM32F1xx_HAL_Driver/Src/stm32f1xx_ll_gpio.o
 .debug_loc     0x000000000000474b      0x217 Drivers/STM32F1xx_HAL_Driver/Src/stm32f1xx_ll_rcc.o
 .debug_loc     0x0000000000004962      0x3f2 Drivers/STM32F1xx_HAL_Driver/Src/stm32f1xx_ll_usart.o
 .debug_loc     0x0000000000004d54      0x4a6 Drivers/STM32F1xx_HAL_Driver/Src/stm32f1xx_ll_utils.o

.debug_aranges  0x0000000000000000      0x7a0
 .debug_aranges
                0x0000000000000000       0xe8 Core/Src/Eeprom.o
 .debug_aranges
                0x00000000000000e8       0x50 Core/Src/General.o
 .debug_aranges
                0x0000000000000138       0xc8 Core/Src/Lib.o
 .debug_aranges
                0x0000000000000200       0x38 Core/Src/MicroMenu2_1.o
 .debug_aranges
                0x0000000000000238       0xa8 Core/Src/hd44780_driver.o
 .debug_aranges
                0x00000000000002e0      0x248 Core/Src/main.o
 .debug_aranges
                0x0000000000000528       0x50 Core/Src/stm32f1xx_it.o
 .debug_aranges
                0x0000000000000578       0x28 Core/Src/system_stm32f1xx.o
 .debug_aranges
                0x00000000000005a0       0x60 Core/Src/usart.o
 .debug_aranges
                0x0000000000000600       0x28 Core/Startup/startup_stm32f100c8tx.o
 .debug_aranges
                0x0000000000000628       0x68 Drivers/STM32F1xx_HAL_Driver/Src/stm32f1xx_ll_adc.o
 .debug_aranges
                0x0000000000000690       0x30 Drivers/STM32F1xx_HAL_Driver/Src/stm32f1xx_ll_gpio.o
 .debug_aranges
                0x00000000000006c0       0x58 Drivers/STM32F1xx_HAL_Driver/Src/stm32f1xx_ll_rcc.o
 .debug_aranges
                0x0000000000000718       0x40 Drivers/STM32F1xx_HAL_Driver/Src/stm32f1xx_ll_usart.o
 .debug_aranges
                0x0000000000000758       0x48 Drivers/STM32F1xx_HAL_Driver/Src/stm32f1xx_ll_utils.o

.debug_ranges   0x0000000000000000      0xeb0
 .debug_ranges  0x0000000000000000      0x138 Core/Src/Eeprom.o
 .debug_ranges  0x0000000000000138       0x80 Core/Src/General.o
 .debug_ranges  0x00000000000001b8       0xb8 Core/Src/Lib.o
 .debug_ranges  0x0000000000000270       0x40 Core/Src/MicroMenu2_1.o
 .debug_ranges  0x00000000000002b0       0xb8 Core/Src/hd44780_driver.o
 .debug_ranges  0x0000000000000368      0x648 Core/Src/main.o
 .debug_ranges  0x00000000000009b0       0x40 Core/Src/stm32f1xx_it.o
 .debug_ranges  0x00000000000009f0       0x18 Core/Src/system_stm32f1xx.o
 .debug_ranges  0x0000000000000a08       0x68 Core/Src/usart.o
 .debug_ranges  0x0000000000000a70       0x20 Core/Startup/startup_stm32f100c8tx.o
 .debug_ranges  0x0000000000000a90       0x88 Drivers/STM32F1xx_HAL_Driver/Src/stm32f1xx_ll_adc.o
 .debug_ranges  0x0000000000000b18       0x80 Drivers/STM32F1xx_HAL_Driver/Src/stm32f1xx_ll_gpio.o
 .debug_ranges  0x0000000000000b98       0xe0 Drivers/STM32F1xx_HAL_Driver/Src/stm32f1xx_ll_rcc.o
 .debug_ranges  0x0000000000000c78       0xb0 Drivers/STM32F1xx_HAL_Driver/Src/stm32f1xx_ll_usart.o
 .debug_ranges  0x0000000000000d28      0x188 Drivers/STM32F1xx_HAL_Driver/Src/stm32f1xx_ll_utils.o

.debug_macro    0x0000000000000000     0xc389
 .debug_macro   0x0000000000000000      0x162 Core/Src/Eeprom.o
 .debug_macro   0x0000000000000162      0xacc Core/Src/Eeprom.o
 .debug_macro   0x0000000000000c2e       0x2e Core/Src/Eeprom.o
 .debug_macro   0x0000000000000c5c       0x22 Core/Src/Eeprom.o
 .debug_macro   0x0000000000000c7e       0x22 Core/Src/Eeprom.o
 .debug_macro   0x0000000000000ca0       0x8e Core/Src/Eeprom.o
 .debug_macro   0x0000000000000d2e       0x51 Core/Src/Eeprom.o
 .debug_macro   0x0000000000000d7f      0x103 Core/Src/Eeprom.o
 .debug_macro   0x0000000000000e82       0x6a Core/Src/Eeprom.o
 .debug_macro   0x0000000000000eec      0x1df Core/Src/Eeprom.o
 .debug_macro   0x00000000000010cb       0x1c Core/Src/Eeprom.o
 .debug_macro   0x00000000000010e7       0x22 Core/Src/Eeprom.o
 .debug_macro   0x0000000000001109       0xc3 Core/Src/Eeprom.o
 .debug_macro   0x00000000000011cc      0xd23 Core/Src/Eeprom.o
 .debug_macro   0x0000000000001eef     0x75c2 Core/Src/Eeprom.o
 .debug_macro   0x00000000000094b1       0x43 Core/Src/Eeprom.o
 .debug_macro   0x00000000000094f4      0x36d Core/Src/Eeprom.o
 .debug_macro   0x0000000000009861       0xf2 Core/Src/Eeprom.o
 .debug_macro   0x0000000000009953       0x6e Core/Src/Eeprom.o
 .debug_macro   0x00000000000099c1       0xca Core/Src/Eeprom.o
 .debug_macro   0x0000000000009a8b       0x28 Core/Src/Eeprom.o
 .debug_macro   0x0000000000009ab3       0x2a Core/Src/Eeprom.o
 .debug_macro   0x0000000000009add       0x90 Core/Src/Eeprom.o
 .debug_macro   0x0000000000009b6d      0x287 Core/Src/Eeprom.o
 .debug_macro   0x0000000000009df4      0x1bb Core/Src/Eeprom.o
 .debug_macro   0x0000000000009faf      0x22a Core/Src/Eeprom.o
 .debug_macro   0x000000000000a1d9      0x12d Core/Src/Eeprom.o
 .debug_macro   0x000000000000a306       0x4c Core/Src/Eeprom.o
 .debug_macro   0x000000000000a352       0x26 Core/Src/Eeprom.o
 .debug_macro   0x000000000000a378      0x170 Core/Src/General.o
 .debug_macro   0x000000000000a4e8      0x367 Core/Src/General.o
 .debug_macro   0x000000000000a84f       0xc5 Core/Src/Lib.o
 .debug_macro   0x000000000000a914       0x29 Core/Src/MicroMenu2_1.o
 .debug_macro   0x000000000000a93d      0x174 Core/Src/MicroMenu2_1.o
 .debug_macro   0x000000000000aab1       0x22 Core/Src/MicroMenu2_1.o
 .debug_macro   0x000000000000aad3      0x162 Core/Src/hd44780_driver.o
 .debug_macro   0x000000000000ac35       0x46 Core/Src/hd44780_driver.o
 .debug_macro   0x000000000000ac7b      0x211 Core/Src/main.o
 .debug_macro   0x000000000000ae8c      0x80f Core/Src/main.o
 .debug_macro   0x000000000000b69b       0x22 Core/Src/main.o
 .debug_macro   0x000000000000b6bd      0x180 Core/Src/stm32f1xx_it.o
 .debug_macro   0x000000000000b83d       0xbb Core/Src/system_stm32f1xx.o
 .debug_macro   0x000000000000b8f8      0x16e Core/Src/usart.o
 .debug_macro   0x000000000000ba66      0x127 Drivers/STM32F1xx_HAL_Driver/Src/stm32f1xx_ll_adc.o
 .debug_macro   0x000000000000bb8d       0xf7 Drivers/STM32F1xx_HAL_Driver/Src/stm32f1xx_ll_gpio.o
 .debug_macro   0x000000000000bc84      0x224 Drivers/STM32F1xx_HAL_Driver/Src/stm32f1xx_ll_gpio.o
 .debug_macro   0x000000000000bea8       0xd6 Drivers/STM32F1xx_HAL_Driver/Src/stm32f1xx_ll_rcc.o
 .debug_macro   0x000000000000bf7e      0x130 Drivers/STM32F1xx_HAL_Driver/Src/stm32f1xx_ll_usart.o
 .debug_macro   0x000000000000c0ae      0x1b5 Drivers/STM32F1xx_HAL_Driver/Src/stm32f1xx_ll_usart.o
 .debug_macro   0x000000000000c263      0x126 Drivers/STM32F1xx_HAL_Driver/Src/stm32f1xx_ll_utils.o

.debug_line     0x0000000000000000     0xb72d
 .debug_line    0x0000000000000000     0x10d6 Core/Src/Eeprom.o
 .debug_line    0x00000000000010d6      0xdd4 Core/Src/General.o
 .debug_line    0x0000000000001eaa      0xfc2 Core/Src/Lib.o
 .debug_line    0x0000000000002e6c      0x203 Core/Src/MicroMenu2_1.o
 .debug_line    0x000000000000306f      0xb4a Core/Src/hd44780_driver.o
 .debug_line    0x0000000000003bb9     0x3c41 Core/Src/main.o
 .debug_line    0x00000000000077fa      0x6f3 Core/Src/stm32f1xx_it.o
 .debug_line    0x0000000000007eed      0x4f3 Core/Src/system_stm32f1xx.o
 .debug_line    0x00000000000083e0      0xa3c Core/Src/usart.o
 .debug_line    0x0000000000008e1c       0x84 Core/Startup/startup_stm32f100c8tx.o
 .debug_line    0x0000000000008ea0      0x79f Drivers/STM32F1xx_HAL_Driver/Src/stm32f1xx_ll_adc.o
 .debug_line    0x000000000000963f      0x7e3 Drivers/STM32F1xx_HAL_Driver/Src/stm32f1xx_ll_gpio.o
 .debug_line    0x0000000000009e22      0x7fe Drivers/STM32F1xx_HAL_Driver/Src/stm32f1xx_ll_rcc.o
 .debug_line    0x000000000000a620      0x799 Drivers/STM32F1xx_HAL_Driver/Src/stm32f1xx_ll_usart.o
 .debug_line    0x000000000000adb9      0x974 Drivers/STM32F1xx_HAL_Driver/Src/stm32f1xx_ll_utils.o

.debug_str      0x0000000000000000    0x43e5b
 .debug_str     0x0000000000000000    0x393f0 Core/Src/Eeprom.o
                                      0x39732 (size before relaxing)
 .debug_str     0x00000000000393f0      0x13a Core/Src/General.o
                                      0x394a5 (size before relaxing)
 .debug_str     0x000000000003952a      0x214 Core/Src/Lib.o
                                      0x32c69 (size before relaxing)
 .debug_str     0x000000000003973e      0x5a8 Core/Src/MicroMenu2_1.o
                                       0x3461 (size before relaxing)
 .debug_str     0x0000000000039ce6      0x1d7 Core/Src/hd44780_driver.o
                                      0x39524 (size before relaxing)
 .debug_str     0x0000000000039ebd     0x6ffa Core/Src/main.o
                                      0x40d6e (size before relaxing)
 .debug_str     0x0000000000040eb7       0xe8 Core/Src/stm32f1xx_it.o
                                      0x3ebdd (size before relaxing)
 .debug_str     0x0000000000040f9f       0x4a Core/Src/system_stm32f1xx.o
                                      0x32ac4 (size before relaxing)
 .debug_str     0x0000000000040fe9       0xc4 Core/Src/usart.o
                                      0x39496 (size before relaxing)
 .debug_str     0x00000000000410ad       0x36 Core/Startup/startup_stm32f100c8tx.o
                                         0x81 (size before relaxing)
 .debug_str     0x00000000000410e3     0x1308 Drivers/STM32F1xx_HAL_Driver/Src/stm32f1xx_ll_adc.o
                                      0x39bdb (size before relaxing)
 .debug_str     0x00000000000423eb      0x3a0 Drivers/STM32F1xx_HAL_Driver/Src/stm32f1xx_ll_gpio.o
                                      0x344e0 (size before relaxing)
 .debug_str     0x000000000004278b      0x2bf Drivers/STM32F1xx_HAL_Driver/Src/stm32f1xx_ll_rcc.o
                                      0x344f0 (size before relaxing)
 .debug_str     0x0000000000042a4a      0x83d Drivers/STM32F1xx_HAL_Driver/Src/stm32f1xx_ll_usart.o
                                      0x35f51 (size before relaxing)
 .debug_str     0x0000000000043287      0xbd4 Drivers/STM32F1xx_HAL_Driver/Src/stm32f1xx_ll_utils.o
                                      0x35366 (size before relaxing)

.comment        0x0000000000000000       0x53
 .comment       0x0000000000000000       0x53 Core/Src/Eeprom.o
                                         0x54 (size before relaxing)
 .comment       0x0000000000000053       0x54 Core/Src/General.o
 .comment       0x0000000000000053       0x54 Core/Src/Lib.o
 .comment       0x0000000000000053       0x54 Core/Src/MicroMenu2_1.o
 .comment       0x0000000000000053       0x54 Core/Src/hd44780_driver.o
 .comment       0x0000000000000053       0x54 Core/Src/main.o
 .comment       0x0000000000000053       0x54 Core/Src/stm32f1xx_it.o
 .comment       0x0000000000000053       0x54 Core/Src/system_stm32f1xx.o
 .comment       0x0000000000000053       0x54 Core/Src/usart.o
 .comment       0x0000000000000053       0x54 Drivers/STM32F1xx_HAL_Driver/Src/stm32f1xx_ll_adc.o
 .comment       0x0000000000000053       0x54 Drivers/STM32F1xx_HAL_Driver/Src/stm32f1xx_ll_gpio.o
 .comment       0x0000000000000053       0x54 Drivers/STM32F1xx_HAL_Driver/Src/stm32f1xx_ll_rcc.o
 .comment       0x0000000000000053       0x54 Drivers/STM32F1xx_HAL_Driver/Src/stm32f1xx_ll_usart.o
 .comment       0x0000000000000053       0x54 Drivers/STM32F1xx_HAL_Driver/Src/stm32f1xx_ll_utils.o

.debug_frame    0x0000000000000000     0x160c
 .debug_frame   0x0000000000000000      0x298 Core/Src/Eeprom.o
 .debug_frame   0x0000000000000298      0x104 Core/Src/General.o
 .debug_frame   0x000000000000039c      0x220 Core/Src/Lib.o
 .debug_frame   0x00000000000005bc       0x60 Core/Src/MicroMenu2_1.o
 .debug_frame   0x000000000000061c      0x1f0 Core/Src/hd44780_driver.o
 .debug_frame   0x000000000000080c      0x8bc Core/Src/main.o
 .debug_frame   0x00000000000010c8       0xc0 Core/Src/stm32f1xx_it.o
 .debug_frame   0x0000000000001188       0x38 Core/Src/system_stm32f1xx.o
 .debug_frame   0x00000000000011c0       0xf4 Core/Src/usart.o
 .debug_frame   0x00000000000012b4       0xc8 Drivers/STM32F1xx_HAL_Driver/Src/stm32f1xx_ll_adc.o
 .debug_frame   0x000000000000137c       0x58 Drivers/STM32F1xx_HAL_Driver/Src/stm32f1xx_ll_gpio.o
 .debug_frame   0x00000000000013d4       0xa0 Drivers/STM32F1xx_HAL_Driver/Src/stm32f1xx_ll_rcc.o
 .debug_frame   0x0000000000001474       0x80 Drivers/STM32F1xx_HAL_Driver/Src/stm32f1xx_ll_usart.o
 .debug_frame   0x00000000000014f4       0xa4 Drivers/STM32F1xx_HAL_Driver/Src/stm32f1xx_ll_utils.o
 .debug_frame   0x0000000000001598       0x2c c:/st/stm32cubeide_1.6.0/stm32cubeide/plugins/com.st.stm32cube.ide.mcu.externaltools.gnu-tools-for-stm32.9-2020-q2-update.win32_1.5.0.202011040924/tools/bin/../lib/gcc/arm-none-eabi/9.3.1/../../../../arm-none-eabi/lib/thumb/v7-m/nofp\libc_nano.a(lib_a-init.o)
 .debug_frame   0x00000000000015c4       0x28 c:/st/stm32cubeide_1.6.0/stm32cubeide/plugins/com.st.stm32cube.ide.mcu.externaltools.gnu-tools-for-stm32.9-2020-q2-update.win32_1.5.0.202011040924/tools/bin/../lib/gcc/arm-none-eabi/9.3.1/../../../../arm-none-eabi/lib/thumb/v7-m/nofp\libc_nano.a(lib_a-memcpy-stub.o)
 .debug_frame   0x00000000000015ec       0x20 c:/st/stm32cubeide_1.6.0/stm32cubeide/plugins/com.st.stm32cube.ide.mcu.externaltools.gnu-tools-for-stm32.9-2020-q2-update.win32_1.5.0.202011040924/tools/bin/../lib/gcc/arm-none-eabi/9.3.1/../../../../arm-none-eabi/lib/thumb/v7-m/nofp\libc_nano.a(lib_a-memset.o)
