stm32f1xx_ll_bus.h:763:22:LL_APB2_GRP1_EnableClock	8	static
main.c:1300:6:MenuLog_Enter	0	static
main.c:1640:6:MenuSettingsBatteryType_Enter	8	static
main.c:1877:6:MenuSettingsWriteToFlash_Enter	0	static
main.c:1912:6:MenuOption_Enter	8	static
main.c:1921:6:MenuOption_Enter1	8	static
main.c:1871:6:MenuCalibrationWriteToFlash_Enter	8	static
main.c:164:6:Generic_Write	0	static
main.c:1882:6:MenuDischarge_Enter	72	static
main.c:1896:6:MenuCharge_Enter	72	static
main.c:1764:6:SelectedOption.part.0	8	static
stm32f1xx_ll_adc.h:2837:22:LL_ADC_SetChannelSamplingTime.constprop	16	static,ignoring_inline_asm
stm32f1xx_ll_adc.h:2131:22:LL_ADC_REG_SetSequencerRanks.constprop	12	static,ignoring_inline_asm
core_cm3.h:1686:26:NVIC_EncodePriority.constprop	0	static
main.c:727:6:MenuTraining_WriteInLOG	96	static
main.c:1304:6:MenuLog	16	static
main.c:1544:6:MenuCalibration_BackToFactory	8	static
main.c:1576:6:MenuSettingsChargeTime_Enter	0	static
main.c:1580:6:MenuSettingsChargeTime	8	static
main.c:1592:6:MenuSettingsBatteryType	8	static
main.c:1694:6:MenuSettingsLowVolt_Enter	0	static
main.c:1698:6:MenuSettingsLowVolt	8	static
main.c:1707:6:MenuSettingsMaxVolt_Enter	0	static
main.c:1711:6:MenuSettingsMaxVolt	8	static
main.c:1721:6:MenuSettingsSwngChrgTime_Enter	0	static
main.c:1725:6:MenuSettingsSwngChrgTime	8	static
main.c:1734:6:MenuSettingsSwngDChrgTime_Enter	0	static
main.c:1738:6:MenuSettingsSwngDChrgTime	8	static
main.c:1747:6:MenuSettingsChargeAddapt_Enter	0	static
main.c:1751:6:MenuSettingsChargeAddapt	16	static
main.c:1764:6:SelectedOption	0	static
main.c:1773:6:SelectedOption1	0	static
main.c:1785:6:MenuSettingsSaveMenuPosWhenOFF	8	static
main.c:1836:6:MenuSettingsOutAfterPowerUp	8	static
main.c:1931:6:BUT_Debrief	0	static
main.c:1967:15:BUT_GetKey	0	static
main.c:1975:6:Start_Timer_sec	0	static
main.c:1980:6:ReStart_Timer_sec	0	static
main.c:1985:6:Stop_Timer_sec	0	static
main.c:1992:6:ClockOnLCD	16	static
main.c:2011:6:ClockOnLCD_noSec	16	static
main.c:2128:6:OUT_OFF	0	static
main.c:2142:6:OUT_ON	0	static
main.c:168:6:OUTStateAfterPowerUpFunction	8	static
main.c:185:6:MenuPowerSupply	24	static
main.c:1323:6:MenuDIAGNOSTIC	40	static
main.c:1415:6:MenuCalibration_CURRENT_1k	8	static
main.c:1430:6:MenuCalibration_CURRENT_100R	8	static
main.c:1444:6:MenuCalibration_CURRENT_10R	8	static
main.c:1458:6:MenuCalibration_CURRENT_1R	8	static
main.c:1472:6:MenuCalibration_VoltagePS	8	static
main.c:1486:6:MenuCalibration_VoltageOut	8	static
main.c:1500:6:MenuCalibration_VoltageIn	8	static
main.c:1515:6:MenuCalibration_Resist_Comp_5V1A	16	static
main.c:2155:6:LOAD_ON	0	static
main.c:2079:6:discharge	8	static
main.c:2100:6:discharge1	8	static
main.c:2165:6:LOAD_OFF	0	static
main.c:325:6:MenuLoad	8	static
main.c:1171:6:MenuBatterySimilation	24	static
main.c:2072:6:charge	8	static
main.c:2087:6:charge1	8	static
main.c:1001:6:MenuTraining_new	56	static
main.c:1211:6:MenuSwing	24	static
main.c:2113:6:OFF	8	static
main.c:363:6:MenuChargeCC_CV	40	static
main.c:479:6:MenuChargeAdapt	40	static
main.c:617:6:MenuDisCharge	32	static
main.c:749:6:MenuCheckingCapacity	56	static
main.c:2026:6:All_OUT_OFF_When_Power_OFF	80	static
main.c:2174:6:LOAD_ON_OFF_Toggle	0	static
main.c:2180:6:OUT_ON_OFF_Toggle	0	static
main.c:2232:6:adc_func	32	static
main.c:2188:6:SysTick_Callback	16	static
main.c:2535:6:SystemClock_Config	8	static
main.c:2325:5:main	104	static
main.c:2830:6:Error_Handler	0	static
