Archive member included because of file (symbol)

c:/program files (x86)/gnu tools arm embedded/4.6 2012q4/bin/../lib/gcc/arm-none-eabi/4.6.2/../../../../arm-none-eabi/lib/armv7-m\libg.a(lib_a-memcpy.o)
                              ..\obj\Eeprom.o (memcpy)

Allocating common symbols
Common symbol       size              file

Current_RAW         0x2               ..\obj\General.o
ChargeDurationSec   0x4               ..\obj\main.o
RegularConvData     0x10              ..\obj\main.o
RXBuf               0xc8              ..\obj\usart.o
SelectedOptionValue
                    0x4               ..\obj\main.o
TXBuf               0xc8              ..\obj\usart.o
LoggingData         0x19c             ..\obj\General.o

Discarded input sections

 .text          0x00000000        0x0 ..\obj\MicroMenu2_1.o
 .text          0x00000000        0x0 ..\obj\stm32f10x_tim.o
 .data          0x00000000        0x0 ..\obj\stm32f10x_tim.o
 .bss           0x00000000        0x0 ..\obj\stm32f10x_tim.o
 .text.TI1_Config
                0x00000000       0x68 ..\obj\stm32f10x_tim.o
 .text.TI2_Config
                0x00000000       0x78 ..\obj\stm32f10x_tim.o
 .text.TIM_DeInit
                0x00000000      0x1ac ..\obj\stm32f10x_tim.o
 .text.TIM_OC1Init
                0x00000000       0x88 ..\obj\stm32f10x_tim.o
 .text.TIM_OC2Init
                0x00000000       0x88 ..\obj\stm32f10x_tim.o
 .text.TIM_OC3Init
                0x00000000       0x84 ..\obj\stm32f10x_tim.o
 .text.TIM_OC4Init
                0x00000000       0x68 ..\obj\stm32f10x_tim.o
 .text.TIM_BDTRConfig
                0x00000000       0x22 ..\obj\stm32f10x_tim.o
 .text.TIM_OCStructInit
                0x00000000       0x14 ..\obj\stm32f10x_tim.o
 .text.TIM_ICStructInit
                0x00000000       0x10 ..\obj\stm32f10x_tim.o
 .text.TIM_BDTRStructInit
                0x00000000       0x12 ..\obj\stm32f10x_tim.o
 .text.TIM_CtrlPWMOutputs
                0x00000000       0x1c ..\obj\stm32f10x_tim.o
 .text.TIM_GenerateEvent
                0x00000000        0x4 ..\obj\stm32f10x_tim.o
 .text.TIM_DMAConfig
                0x00000000        0x8 ..\obj\stm32f10x_tim.o
 .text.TIM_DMACmd
                0x00000000       0x12 ..\obj\stm32f10x_tim.o
 .text.TIM_InternalClockConfig
                0x00000000        0xe ..\obj\stm32f10x_tim.o
 .text.TIM_ITRxExternalClockConfig
                0x00000000       0x1a ..\obj\stm32f10x_tim.o
 .text.TIM_TIxExternalClockConfig
                0x00000000       0x32 ..\obj\stm32f10x_tim.o
 .text.TIM_ETRConfig
                0x00000000       0x14 ..\obj\stm32f10x_tim.o
 .text.TIM_ETRClockMode2Config
                0x00000000       0x14 ..\obj\stm32f10x_tim.o
 .text.TIM_ETRClockMode1Config
                0x00000000       0x1a ..\obj\stm32f10x_tim.o
 .text.TIM_PrescalerConfig
                0x00000000        0x6 ..\obj\stm32f10x_tim.o
 .text.TIM_CounterModeConfig
                0x00000000       0x10 ..\obj\stm32f10x_tim.o
 .text.TIM_SelectInputTrigger
                0x00000000       0x10 ..\obj\stm32f10x_tim.o
 .text.TIM_EncoderInterfaceConfig
                0x00000000       0x3c ..\obj\stm32f10x_tim.o
 .text.TIM_ForcedOC1Config
                0x00000000       0x10 ..\obj\stm32f10x_tim.o
 .text.TIM_ForcedOC2Config
                0x00000000       0x14 ..\obj\stm32f10x_tim.o
 .text.TIM_ForcedOC3Config
                0x00000000       0x10 ..\obj\stm32f10x_tim.o
 .text.TIM_ForcedOC4Config
                0x00000000       0x14 ..\obj\stm32f10x_tim.o
 .text.TIM_ARRPreloadConfig
                0x00000000       0x18 ..\obj\stm32f10x_tim.o
 .text.TIM_SelectCOM
                0x00000000       0x18 ..\obj\stm32f10x_tim.o
 .text.TIM_SelectCCDMA
                0x00000000       0x18 ..\obj\stm32f10x_tim.o
 .text.TIM_CCPreloadControl
                0x00000000       0x18 ..\obj\stm32f10x_tim.o
 .text.TIM_OC1PreloadConfig
                0x00000000       0x10 ..\obj\stm32f10x_tim.o
 .text.TIM_OC2PreloadConfig
                0x00000000       0x14 ..\obj\stm32f10x_tim.o
 .text.TIM_OC3PreloadConfig
                0x00000000       0x10 ..\obj\stm32f10x_tim.o
 .text.TIM_OC4PreloadConfig
                0x00000000       0x14 ..\obj\stm32f10x_tim.o
 .text.TIM_OC1FastConfig
                0x00000000       0x10 ..\obj\stm32f10x_tim.o
 .text.TIM_OC2FastConfig
                0x00000000       0x14 ..\obj\stm32f10x_tim.o
 .text.TIM_OC3FastConfig
                0x00000000       0x10 ..\obj\stm32f10x_tim.o
 .text.TIM_OC4FastConfig
                0x00000000       0x14 ..\obj\stm32f10x_tim.o
 .text.TIM_ClearOC1Ref
                0x00000000       0x10 ..\obj\stm32f10x_tim.o
 .text.TIM_ClearOC2Ref
                0x00000000       0x10 ..\obj\stm32f10x_tim.o
 .text.TIM_ClearOC3Ref
                0x00000000       0x10 ..\obj\stm32f10x_tim.o
 .text.TIM_ClearOC4Ref
                0x00000000       0x10 ..\obj\stm32f10x_tim.o
 .text.TIM_OC1PolarityConfig
                0x00000000       0x10 ..\obj\stm32f10x_tim.o
 .text.TIM_OC1NPolarityConfig
                0x00000000       0x10 ..\obj\stm32f10x_tim.o
 .text.TIM_OC2PolarityConfig
                0x00000000       0x14 ..\obj\stm32f10x_tim.o
 .text.TIM_OC2NPolarityConfig
                0x00000000       0x14 ..\obj\stm32f10x_tim.o
 .text.TIM_OC3PolarityConfig
                0x00000000       0x14 ..\obj\stm32f10x_tim.o
 .text.TIM_OC3NPolarityConfig
                0x00000000       0x14 ..\obj\stm32f10x_tim.o
 .text.TIM_OC4PolarityConfig
                0x00000000       0x14 ..\obj\stm32f10x_tim.o
 .text.TIM_CCxCmd
                0x00000000       0x20 ..\obj\stm32f10x_tim.o
 .text.TIM_CCxNCmd
                0x00000000       0x20 ..\obj\stm32f10x_tim.o
 .text.TIM_SelectOCxM
                0x00000000       0x44 ..\obj\stm32f10x_tim.o
 .text.TIM_UpdateDisableConfig
                0x00000000       0x18 ..\obj\stm32f10x_tim.o
 .text.TIM_UpdateRequestConfig
                0x00000000       0x18 ..\obj\stm32f10x_tim.o
 .text.TIM_SelectHallSensor
                0x00000000       0x18 ..\obj\stm32f10x_tim.o
 .text.TIM_SelectOnePulseMode
                0x00000000       0x16 ..\obj\stm32f10x_tim.o
 .text.TIM_SelectOutputTrigger
                0x00000000       0x16 ..\obj\stm32f10x_tim.o
 .text.TIM_SelectSlaveMode
                0x00000000       0x16 ..\obj\stm32f10x_tim.o
 .text.TIM_SelectMasterSlaveMode
                0x00000000       0x16 ..\obj\stm32f10x_tim.o
 .text.TIM_SetCounter
                0x00000000        0x4 ..\obj\stm32f10x_tim.o
 .text.TIM_SetAutoreload
                0x00000000        0x4 ..\obj\stm32f10x_tim.o
 .text.TIM_SetCompare1
                0x00000000        0x4 ..\obj\stm32f10x_tim.o
 .text.TIM_SetCompare2
                0x00000000        0x4 ..\obj\stm32f10x_tim.o
 .text.TIM_SetCompare3
                0x00000000        0x4 ..\obj\stm32f10x_tim.o
 .text.TIM_SetCompare4
                0x00000000        0x6 ..\obj\stm32f10x_tim.o
 .text.TIM_SetIC1Prescaler
                0x00000000       0x16 ..\obj\stm32f10x_tim.o
 .text.TIM_SetIC2Prescaler
                0x00000000       0x1a ..\obj\stm32f10x_tim.o
 .text.TIM_PWMIConfig
                0x00000000       0x6c ..\obj\stm32f10x_tim.o
 .text.TIM_SetIC3Prescaler
                0x00000000       0x16 ..\obj\stm32f10x_tim.o
 .text.TIM_SetIC4Prescaler
                0x00000000       0x1a ..\obj\stm32f10x_tim.o
 .text.TIM_ICInit
                0x00000000      0x134 ..\obj\stm32f10x_tim.o
 .text.TIM_SetClockDivision
                0x00000000       0x16 ..\obj\stm32f10x_tim.o
 .text.TIM_GetCapture1
                0x00000000        0x6 ..\obj\stm32f10x_tim.o
 .text.TIM_GetCapture2
                0x00000000        0x6 ..\obj\stm32f10x_tim.o
 .text.TIM_GetCapture3
                0x00000000        0x6 ..\obj\stm32f10x_tim.o
 .text.TIM_GetCapture4
                0x00000000        0x8 ..\obj\stm32f10x_tim.o
 .text.TIM_GetCounter
                0x00000000        0x6 ..\obj\stm32f10x_tim.o
 .text.TIM_GetPrescaler
                0x00000000        0x6 ..\obj\stm32f10x_tim.o
 .text.TIM_GetFlagStatus
                0x00000000        0xc ..\obj\stm32f10x_tim.o
 .text.TIM_ClearFlag
                0x00000000        0x8 ..\obj\stm32f10x_tim.o
 .text          0x00000000        0x0 ..\obj\startup_stm32f10x_ld_vl.o
 .data          0x00000000        0x0 ..\obj\startup_stm32f10x_ld_vl.o
 .bss           0x00000000        0x0 ..\obj\startup_stm32f10x_ld_vl.o
 .text          0x00000000        0x0 ..\obj\General.o
 .text          0x00000000        0x0 ..\obj\system_stm32f10x.o
 .data          0x00000000       0x14 ..\obj\system_stm32f10x.o
 .bss           0x00000000        0x0 ..\obj\system_stm32f10x.o
 .text.SystemCoreClockUpdate
                0x00000000       0x64 ..\obj\system_stm32f10x.o
 .text          0x00000000        0x0 ..\obj\hd44780_driver.o
 .text.lcd_out  0x00000000       0x2c ..\obj\hd44780_driver.o
 .text.lcd_set_CGRAM_char
                0x00000000       0x2e ..\obj\hd44780_driver.o
 .text.PrintToLCD_int32
                0x00000000        0xe ..\obj\hd44780_driver.o
 .text.PrintToLCD_int32_koma
                0x00000000        0xe ..\obj\hd44780_driver.o
 .text          0x00000000        0x0 ..\obj\stm32f10x_gpio.o
 .data          0x00000000        0x0 ..\obj\stm32f10x_gpio.o
 .bss           0x00000000        0x0 ..\obj\stm32f10x_gpio.o
 .text.GPIO_DeInit
                0x00000000       0xac ..\obj\stm32f10x_gpio.o
 .text.GPIO_AFIODeInit
                0x00000000       0x16 ..\obj\stm32f10x_gpio.o
 .text.GPIO_StructInit
                0x00000000       0x10 ..\obj\stm32f10x_gpio.o
 .text.GPIO_ReadInputData
                0x00000000        0x6 ..\obj\stm32f10x_gpio.o
 .text.GPIO_ReadOutputDataBit
                0x00000000        0xc ..\obj\stm32f10x_gpio.o
 .text.GPIO_ReadOutputData
                0x00000000        0x6 ..\obj\stm32f10x_gpio.o
 .text.GPIO_SetBits
                0x00000000        0x4 ..\obj\stm32f10x_gpio.o
 .text.GPIO_ResetBits
                0x00000000        0x4 ..\obj\stm32f10x_gpio.o
 .text.GPIO_WriteBit
                0x00000000        0xa ..\obj\stm32f10x_gpio.o
 .text.GPIO_Write
                0x00000000        0x4 ..\obj\stm32f10x_gpio.o
 .text.GPIO_PinLockConfig
                0x00000000       0x10 ..\obj\stm32f10x_gpio.o
 .text.GPIO_EventOutputConfig
                0x00000000       0x1c ..\obj\stm32f10x_gpio.o
 .text.GPIO_EventOutputCmd
                0x00000000        0xc ..\obj\stm32f10x_gpio.o
 .text.GPIO_PinRemapConfig
                0x00000000       0x64 ..\obj\stm32f10x_gpio.o
 .text.GPIO_EXTILineConfig
                0x00000000       0x34 ..\obj\stm32f10x_gpio.o
 .text.GPIO_ETH_MediaInterfaceConfig
                0x00000000        0xc ..\obj\stm32f10x_gpio.o
 .text          0x00000000        0x0 ..\obj\main.o
 .text.MenuChargeCC_CV
                0x00000000        0x2 ..\obj\main.o
 .text.MenuChargeAdapt
                0x00000000        0x2 ..\obj\main.o
 .text.MenuDisCharge
                0x00000000        0x2 ..\obj\main.o
 .text.MenuTraining_WriteInLOG
                0x00000000        0x2 ..\obj\main.o
 .text.MenuTraining_new
                0x00000000        0x2 ..\obj\main.o
 .text.MenuSwing
                0x00000000        0x2 ..\obj\main.o
 .text.MenuCheckingCapacity
                0x00000000        0x2 ..\obj\main.o
 .text.MenuCalibration_CURRENT_Load_to_0
                0x00000000        0x2 ..\obj\main.o
 .text.MenuSettingsChargeTime_Enter
                0x00000000        0x2 ..\obj\main.o
 .text.MenuSettingsLowVolt_Enter
                0x00000000        0x2 ..\obj\main.o
 .text.MenuSettingsMaxVolt_Enter
                0x00000000        0x2 ..\obj\main.o
 .text.MenuSettingsSwngChrgTime_Enter
                0x00000000        0x2 ..\obj\main.o
 .text.MenuSettingsSwngDChrgTime_Enter
                0x00000000        0x2 ..\obj\main.o
 .text.MenuSettingsChargeAddapt_Enter
                0x00000000        0x2 ..\obj\main.o
 .text.Start_Timer_sec
                0x00000000       0x14 ..\obj\main.o
 .text.ReStart_Timer_sec
                0x00000000       0x14 ..\obj\main.o
 .text.Stop_Timer_sec
                0x00000000       0x10 ..\obj\main.o
 .text.ClockOnLCD
                0x00000000       0x9c ..\obj\main.o
 .text.ClockOnLCD_noSec
                0x00000000       0x6c ..\obj\main.o
 .text.discharge1
                0x00000000       0x38 ..\obj\main.o
 .text.discharge
                0x00000000       0x14 ..\obj\main.o
 .text.All_OUT_OFF_When_Power_OFF
                0x00000000       0xd4 ..\obj\main.o
 .text.charge1  0x00000000       0x38 ..\obj\main.o
 .text.charge   0x00000000       0x14 ..\obj\main.o
 .text.LOAD_ON_OFF_Toggle
                0x00000000       0x14 ..\obj\main.o
 .text.OUT_ON_OFF_Toggle
                0x00000000       0x14 ..\obj\main.o
 .text          0x00000000        0x0 ..\obj\ADC.o
 .text.middle_of_3
                0x00000000       0x2a ..\obj\ADC.o
 .text.middle_of_3Imax
                0x00000000       0x44 ..\obj\ADC.o
 .text          0x00000000        0x0 ..\obj\stm32f10x_rcc.o
 .bss           0x00000000        0x0 ..\obj\stm32f10x_rcc.o
 .text.RCC_DeInit
                0x00000000       0x44 ..\obj\stm32f10x_rcc.o
 .text.RCC_HSEConfig
                0x00000000       0x38 ..\obj\stm32f10x_rcc.o
 .text.RCC_AdjustHSICalibrationValue
                0x00000000       0x14 ..\obj\stm32f10x_rcc.o
 .text.RCC_HSICmd
                0x00000000        0xc ..\obj\stm32f10x_rcc.o
 .text.RCC_PLLConfig
                0x00000000       0x14 ..\obj\stm32f10x_rcc.o
 .text.RCC_PLLCmd
                0x00000000        0xc ..\obj\stm32f10x_rcc.o
 .text.RCC_PREDIV1Config
                0x00000000       0x18 ..\obj\stm32f10x_rcc.o
 .text.RCC_SYSCLKConfig
                0x00000000       0x14 ..\obj\stm32f10x_rcc.o
 .text.RCC_GetSYSCLKSource
                0x00000000       0x10 ..\obj\stm32f10x_rcc.o
 .text.RCC_HCLKConfig
                0x00000000       0x14 ..\obj\stm32f10x_rcc.o
 .text.RCC_PCLK1Config
                0x00000000       0x14 ..\obj\stm32f10x_rcc.o
 .text.RCC_PCLK2Config
                0x00000000       0x14 ..\obj\stm32f10x_rcc.o
 .text.RCC_ITConfig
                0x00000000       0x18 ..\obj\stm32f10x_rcc.o
 .text.RCC_USBCLKConfig
                0x00000000        0xc ..\obj\stm32f10x_rcc.o
 .text.RCC_LSEConfig
                0x00000000       0x20 ..\obj\stm32f10x_rcc.o
 .text.RCC_LSICmd
                0x00000000        0xc ..\obj\stm32f10x_rcc.o
 .text.RCC_RTCCLKConfig
                0x00000000       0x10 ..\obj\stm32f10x_rcc.o
 .text.RCC_RTCCLKCmd
                0x00000000        0xc ..\obj\stm32f10x_rcc.o
 .text.RCC_APB2PeriphResetCmd
                0x00000000       0x18 ..\obj\stm32f10x_rcc.o
 .text.RCC_APB1PeriphResetCmd
                0x00000000       0x18 ..\obj\stm32f10x_rcc.o
 .text.RCC_BackupResetCmd
                0x00000000        0xc ..\obj\stm32f10x_rcc.o
 .text.RCC_ClockSecuritySystemCmd
                0x00000000        0xc ..\obj\stm32f10x_rcc.o
 .text.RCC_MCOConfig
                0x00000000        0xc ..\obj\stm32f10x_rcc.o
 .text.RCC_GetFlagStatus
                0x00000000       0x28 ..\obj\stm32f10x_rcc.o
 .text.RCC_WaitForHSEStartUp
                0x00000000       0x2c ..\obj\stm32f10x_rcc.o
 .text.RCC_ClearFlag
                0x00000000       0x10 ..\obj\stm32f10x_rcc.o
 .text.RCC_GetITStatus
                0x00000000       0x14 ..\obj\stm32f10x_rcc.o
 .text.RCC_ClearITPendingBit
                0x00000000        0xc ..\obj\stm32f10x_rcc.o
 .text          0x00000000        0x0 ..\obj\Init_.o
 .data          0x00000000        0x0 ..\obj\Init_.o
 .bss           0x00000000        0x0 ..\obj\Init_.o
 .text          0x00000000        0x0 ..\obj\stm32f10x_adc.o
 .data          0x00000000        0x0 ..\obj\stm32f10x_adc.o
 .bss           0x00000000        0x0 ..\obj\stm32f10x_adc.o
 .text.ADC_DeInit
                0x00000000       0x5c ..\obj\stm32f10x_adc.o
 .text.ADC_StructInit
                0x00000000       0x12 ..\obj\stm32f10x_adc.o
 .text.ADC_ITConfig
                0x00000000       0x12 ..\obj\stm32f10x_adc.o
 .text.ADC_GetSoftwareStartConvStatus
                0x00000000        0x8 ..\obj\stm32f10x_adc.o
 .text.ADC_DiscModeChannelCountConfig
                0x00000000       0x10 ..\obj\stm32f10x_adc.o
 .text.ADC_DiscModeCmd
                0x00000000       0x12 ..\obj\stm32f10x_adc.o
 .text.ADC_ExternalTrigConvCmd
                0x00000000       0x12 ..\obj\stm32f10x_adc.o
 .text.ADC_GetConversionValue
                0x00000000        0x6 ..\obj\stm32f10x_adc.o
 .text.ADC_GetDualModeConversionValue
                0x00000000        0xc ..\obj\stm32f10x_adc.o
 .text.ADC_AutoInjectedConvCmd
                0x00000000       0x12 ..\obj\stm32f10x_adc.o
 .text.ADC_InjectedDiscModeCmd
                0x00000000       0x12 ..\obj\stm32f10x_adc.o
 .text.ADC_ExternalTrigInjectedConvConfig
                0x00000000        0xc ..\obj\stm32f10x_adc.o
 .text.ADC_ExternalTrigInjectedConvCmd
                0x00000000       0x12 ..\obj\stm32f10x_adc.o
 .text.ADC_SoftwareStartInjectedConvCmd
                0x00000000       0x12 ..\obj\stm32f10x_adc.o
 .text.ADC_GetSoftwareStartInjectedConvCmdStatus
                0x00000000        0x8 ..\obj\stm32f10x_adc.o
 .text.ADC_InjectedChannelConfig
                0x00000000       0x62 ..\obj\stm32f10x_adc.o
 .text.ADC_InjectedSequencerLengthConfig
                0x00000000       0x10 ..\obj\stm32f10x_adc.o
 .text.ADC_SetInjectedOffset
                0x00000000       0x16 ..\obj\stm32f10x_adc.o
 .text.ADC_GetInjectedConversionValue
                0x00000000       0x1a ..\obj\stm32f10x_adc.o
 .text.ADC_AnalogWatchdogCmd
                0x00000000       0x10 ..\obj\stm32f10x_adc.o
 .text.ADC_AnalogWatchdogThresholdsConfig
                0x00000000        0x6 ..\obj\stm32f10x_adc.o
 .text.ADC_AnalogWatchdogSingleChannelConfig
                0x00000000        0xc ..\obj\stm32f10x_adc.o
 .text.ADC_GetFlagStatus
                0x00000000        0xc ..\obj\stm32f10x_adc.o
 .text.ADC_ClearFlag
                0x00000000        0x6 ..\obj\stm32f10x_adc.o
 .text.ADC_GetITStatus
                0x00000000       0x16 ..\obj\stm32f10x_adc.o
 .text.ADC_ClearITPendingBit
                0x00000000        0x8 ..\obj\stm32f10x_adc.o
 .text          0x00000000        0x0 ..\obj\stm32f10x_usart.o
 .data          0x00000000        0x0 ..\obj\stm32f10x_usart.o
 .bss           0x00000000        0x0 ..\obj\stm32f10x_usart.o
 .text.USART_DeInit
                0x00000000       0x98 ..\obj\stm32f10x_usart.o
 .text.USART_StructInit
                0x00000000       0x16 ..\obj\stm32f10x_usart.o
 .text.USART_ClockInit
                0x00000000       0x22 ..\obj\stm32f10x_usart.o
 .text.USART_ClockStructInit
                0x00000000        0xc ..\obj\stm32f10x_usart.o
 .text.USART_DMACmd
                0x00000000       0x12 ..\obj\stm32f10x_usart.o
 .text.USART_SetAddress
                0x00000000       0x16 ..\obj\stm32f10x_usart.o
 .text.USART_WakeUpConfig
                0x00000000       0x16 ..\obj\stm32f10x_usart.o
 .text.USART_ReceiverWakeUpCmd
                0x00000000       0x18 ..\obj\stm32f10x_usart.o
 .text.USART_LINBreakDetectLengthConfig
                0x00000000       0x16 ..\obj\stm32f10x_usart.o
 .text.USART_LINCmd
                0x00000000       0x18 ..\obj\stm32f10x_usart.o
 .text.USART_ReceiveData
                0x00000000        0x8 ..\obj\stm32f10x_usart.o
 .text.USART_SendBreak
                0x00000000        0xc ..\obj\stm32f10x_usart.o
 .text.USART_SetGuardTime
                0x00000000       0x12 ..\obj\stm32f10x_usart.o
 .text.USART_SetPrescaler
                0x00000000       0x12 ..\obj\stm32f10x_usart.o
 .text.USART_SmartCardCmd
                0x00000000       0x18 ..\obj\stm32f10x_usart.o
 .text.USART_SmartCardNACKCmd
                0x00000000       0x18 ..\obj\stm32f10x_usart.o
 .text.USART_HalfDuplexCmd
                0x00000000       0x18 ..\obj\stm32f10x_usart.o
 .text.USART_OverSampling8Cmd
                0x00000000       0x18 ..\obj\stm32f10x_usart.o
 .text.USART_OneBitMethodCmd
                0x00000000       0x18 ..\obj\stm32f10x_usart.o
 .text.USART_IrDAConfig
                0x00000000       0x16 ..\obj\stm32f10x_usart.o
 .text.USART_IrDACmd
                0x00000000       0x18 ..\obj\stm32f10x_usart.o
 .text.USART_ClearFlag
                0x00000000        0x8 ..\obj\stm32f10x_usart.o
 .text.USART_GetITStatus
                0x00000000       0x40 ..\obj\stm32f10x_usart.o
 .text.USART_ClearITPendingBit
                0x00000000       0x10 ..\obj\stm32f10x_usart.o
 .text          0x00000000        0x0 ..\obj\Lib.o
 .data          0x00000000        0x0 ..\obj\Lib.o
 .text.itoa_komaP
                0x00000000       0xd6 ..\obj\Lib.o
 .text.Module8  0x00000000        0xc ..\obj\Lib.o
 .text.Module32
                0x00000000        0xa ..\obj\Lib.o
 .text.Merge2Strings
                0x00000000       0x32 ..\obj\Lib.o
 .text          0x00000000        0x0 ..\obj\stm32f10x_dma.o
 .data          0x00000000        0x0 ..\obj\stm32f10x_dma.o
 .bss           0x00000000        0x0 ..\obj\stm32f10x_dma.o
 .text.DMA_DeInit
                0x00000000       0xfc ..\obj\stm32f10x_dma.o
 .text.DMA_StructInit
                0x00000000       0x1a ..\obj\stm32f10x_dma.o
 .text.DMA_SetCurrDataCounter
                0x00000000        0x4 ..\obj\stm32f10x_dma.o
 .text.DMA_GetCurrDataCounter
                0x00000000        0x6 ..\obj\stm32f10x_dma.o
 .text.DMA_GetFlagStatus
                0x00000000       0x1c ..\obj\stm32f10x_dma.o
 .text.DMA_GetITStatus
                0x00000000       0x1c ..\obj\stm32f10x_dma.o
 .text          0x00000000        0x0 ..\obj\misc.o
 .data          0x00000000        0x0 ..\obj\misc.o
 .bss           0x00000000        0x0 ..\obj\misc.o
 .text.NVIC_PriorityGroupConfig
                0x00000000       0x14 ..\obj\misc.o
 .text.NVIC_SetVectorTable
                0x00000000       0x14 ..\obj\misc.o
 .text.NVIC_SystemLPConfig
                0x00000000       0x18 ..\obj\misc.o
 .text.SysTick_CLKSourceConfig
                0x00000000       0x18 ..\obj\misc.o
 .text          0x00000000        0x0 ..\obj\Eeprom.o
 .bss           0x00000000        0x0 ..\obj\Eeprom.o
 .text.flash_ready
                0x00000000       0x14 ..\obj\Eeprom.o
 .text.DataWhenPowerOffWriteToFlash
                0x00000000       0x40 ..\obj\Eeprom.o
 .text.DataWhenPowerOffWriteToFlash_CRC
                0x00000000       0x60 ..\obj\Eeprom.o
 .text          0x00000000        0x0 ..\obj\usart.o
 .data          0x00000000        0x0 ..\obj\usart.o
 .text.USART_PutChar
                0x00000000       0x70 ..\obj\usart.o
 .text          0x00000000        0x0 c:/program files (x86)/gnu tools arm embedded/4.6 2012q4/bin/../lib/gcc/arm-none-eabi/4.6.2/../../../../arm-none-eabi/lib/armv7-m\libg.a(lib_a-memcpy.o)
 .data          0x00000000        0x0 c:/program files (x86)/gnu tools arm embedded/4.6 2012q4/bin/../lib/gcc/arm-none-eabi/4.6.2/../../../../arm-none-eabi/lib/armv7-m\libg.a(lib_a-memcpy.o)
 .bss           0x00000000        0x0 c:/program files (x86)/gnu tools arm embedded/4.6 2012q4/bin/../lib/gcc/arm-none-eabi/4.6.2/../../../../arm-none-eabi/lib/armv7-m\libg.a(lib_a-memcpy.o)

Memory Configuration

Name             Origin             Length             Attributes
rom              0x08000000         0x00010000         xr
ram              0x20000000         0x00002000         xrw
*default*        0x00000000         0xffffffff

Linker script and memory map

                0x20002000                _eram = 0x20002000

.text           0x08000000     0x4fff
 *(.isr_vector)
 .isr_vector    0x08000000      0x124 ..\obj\startup_stm32f10x_ld_vl.o
                0x08000000                g_pfnVectors
 *(.text*)
 .text.Menu_GetCurrentMenu
                0x08000124        0xc ..\obj\MicroMenu2_1.o
                0x08000124                Menu_GetCurrentMenu
 .text.Menu_Navigate
                0x08000130       0x30 ..\obj\MicroMenu2_1.o
                0x08000130                Menu_Navigate
 .text.Menu_SetGenericWriteCallback
                0x08000160       0x14 ..\obj\MicroMenu2_1.o
                0x08000160                Menu_SetGenericWriteCallback
 .text.Menu_SelectItem
                0x08000174       0x20 ..\obj\MicroMenu2_1.o
                0x08000174                Menu_SelectItem
 .text.TIM_TimeBaseInit
                0x08000194       0x94 ..\obj\stm32f10x_tim.o
                0x08000194                TIM_TimeBaseInit
 .text.TIM_TimeBaseStructInit
                0x08000228       0x12 ..\obj\stm32f10x_tim.o
                0x08000228                TIM_TimeBaseStructInit
 .text.TIM_Cmd  0x0800023a       0x18 ..\obj\stm32f10x_tim.o
                0x0800023a                TIM_Cmd
 .text.TIM_ITConfig
                0x08000252       0x12 ..\obj\stm32f10x_tim.o
                0x08000252                TIM_ITConfig
 .text.TIM_GetITStatus
                0x08000264       0x16 ..\obj\stm32f10x_tim.o
                0x08000264                TIM_GetITStatus
 .text.TIM_ClearITPendingBit
                0x0800027a        0x8 ..\obj\stm32f10x_tim.o
                0x0800027a                TIM_ClearITPendingBit
 *fill*         0x08000282        0x2 00
 .text.Default_Reset_Handler
                0x08000284       0x48 ..\obj\startup_stm32f10x_ld_vl.o
                0x08000284                Default_Reset_Handler
                0x08000284                Reset_Handler
 .text.Default_Handler
                0x080002cc        0x2 ..\obj\startup_stm32f10x_ld_vl.o
                0x080002cc                EXTI2_IRQHandler
                0x080002cc                DebugMon_Handler
                0x080002cc                TIM1_CC_IRQHandler
                0x080002cc                HardFault_Handler
                0x080002cc                SysTick_Handler
                0x080002cc                PVD_IRQHandler
                0x080002cc                PendSV_Handler
                0x080002cc                NMI_Handler
                0x080002cc                EXTI3_IRQHandler
                0x080002cc                EXTI0_IRQHandler
                0x080002cc                UsageFault_Handler
                0x080002cc                SPI1_IRQHandler
                0x080002cc                TAMPER_IRQHandler
                0x080002cc                TIM6_DAC_IRQHandler
                0x080002cc                DMA1_Channel4_IRQHandler
                0x080002cc                ADC1_IRQHandler
                0x080002cc                RTC_IRQHandler
                0x080002cc                DMA1_Channel7_IRQHandler
                0x080002cc                I2C1_EV_IRQHandler
                0x080002cc                DMA1_Channel6_IRQHandler
                0x080002cc                RCC_IRQHandler
                0x080002cc                DMA1_Channel1_IRQHandler
                0x080002cc                CEC_IRQHandler
                0x080002cc                EXTI15_10_IRQHandler
                0x080002cc                EXTI9_5_IRQHandler
                0x080002cc                MemManage_Handler
                0x080002cc                SVC_Handler
                0x080002cc                DMA1_Channel5_IRQHandler
                0x080002cc                EXTI4_IRQHandler
                0x080002cc                TIM1_TRG_COM_TIM17_IRQHandler
                0x080002cc                DMA1_Channel3_IRQHandler
                0x080002cc                WWDG_IRQHandler
                0x080002cc                TIM2_IRQHandler
                0x080002cc                EXTI1_IRQHandler
                0x080002cc                RTCAlarm_IRQHandler
                0x080002cc                USART2_IRQHandler
                0x080002cc                DMA1_Channel2_IRQHandler
                0x080002cc                FLASH_IRQHandler
                0x080002cc                BusFault_Handler
                0x080002cc                I2C1_ER_IRQHandler
                0x080002cc                TIM1_BRK_TIM15_IRQHandler
 *fill*         0x080002ce        0x2 00
 .text.WriteInLOG
                0x080002d0      0x16c ..\obj\General.o
                0x080002d0                WriteInLOG
 .text.WriteInLOGc
                0x0800043c      0x168 ..\obj\General.o
                0x0800043c                WriteInLOGc
 .text.InfoToUARTBeforeStart
                0x080005a4      0x13c ..\obj\General.o
                0x080005a4                InfoToUARTBeforeStart
 .text.SystemInit
                0x080006e0       0xd4 ..\obj\system_stm32f10x.o
                0x080006e0                SystemInit
 .text.DelaymSec
                0x080007b4       0x24 ..\obj\hd44780_driver.o
                0x080007b4                DelaymSec
 .text.DelayuSec
                0x080007d8       0x20 ..\obj\hd44780_driver.o
                0x080007d8                DelayuSec
 .text.strobe   0x080007f8       0x24 ..\obj\hd44780_driver.o
                0x080007f8                strobe
 .text.lcd_set_4bit_mode
                0x0800081c       0x44 ..\obj\hd44780_driver.o
                0x0800081c                lcd_set_4bit_mode
 .text.lcd_send
                0x08000860       0x9c ..\obj\hd44780_driver.o
                0x08000860                lcd_send
 .text.lcd_set_state
                0x080008fc       0x26 ..\obj\hd44780_driver.o
                0x080008fc                lcd_set_state
 .text.lcd_clear
                0x08000922        0x8 ..\obj\hd44780_driver.o
                0x08000922                lcd_clear
 .text.lcd_init
                0x0800092a       0x1e ..\obj\hd44780_driver.o
                0x0800092a                lcd_init
 .text.LcdOutbyNumber
                0x08000948        0x8 ..\obj\hd44780_driver.o
                0x08000948                LcdOutbyNumber
 .text.lcd_set_xy
                0x08000950       0x1c ..\obj\hd44780_driver.o
                0x08000950                lcd_set_xy
 .text.LcdOut   0x0800096c       0x7c ..\obj\hd44780_driver.o
                0x0800096c                LcdOut
 .text.lcd_set_user_char
                0x080009e8       0x2e ..\obj\hd44780_driver.o
                0x080009e8                lcd_set_user_char
 .text.SetSymbols
                0x08000a16      0x168 ..\obj\hd44780_driver.o
                0x08000a16                SetSymbols
 .text.PrintToLCD
                0x08000b7e        0x6 ..\obj\hd44780_driver.o
                0x08000b7e                PrintToLCD
 .text.PrintToLCD_xy
                0x08000b84       0x18 ..\obj\hd44780_driver.o
                0x08000b84                PrintToLCD_xy
 .text.InitLCD  0x08000b9c       0xe0 ..\obj\hd44780_driver.o
                0x08000b9c                InitLCD
 .text.GPIO_Init
                0x08000c7c       0xaa ..\obj\stm32f10x_gpio.o
                0x08000c7c                GPIO_Init
 .text.GPIO_ReadInputDataBit
                0x08000d26        0xc ..\obj\stm32f10x_gpio.o
                0x08000d26                GPIO_ReadInputDataBit
 *fill*         0x08000d32        0x2 00
 .text.MenuLog_Enter
                0x08000d34        0xc ..\obj\main.o
                0x08000d34                MenuLog_Enter
 .text.MenuSettingsWriteToFlash_Enter
                0x08000d40        0x4 ..\obj\main.o
                0x08000d40                MenuSettingsWriteToFlash_Enter
 .text.MenuCalibrationWriteToFlash_Enter
                0x08000d44       0x14 ..\obj\main.o
                0x08000d44                MenuCalibrationWriteToFlash_Enter
 .text.Generic_Write
                0x08000d58        0xc ..\obj\main.o
                0x08000d58                Generic_Write
 .text.MenuCharge_Enter
                0x08000d64       0x5c ..\obj\main.o
                0x08000d64                MenuCharge_Enter
 .text.MenuDischarge_Enter
                0x08000dc0       0x48 ..\obj\main.o
                0x08000dc0                MenuDischarge_Enter
 .text.Delay_mSec
                0x08000e08       0x24 ..\obj\main.o
                0x08000e08                Delay_mSec
 .text.MenuOption_Enter
                0x08000e2c       0x30 ..\obj\main.o
                0x08000e2c                MenuOption_Enter
 .text.MenuSettingsBatteryType_Enter
                0x08000e5c      0x11c ..\obj\main.o
                0x08000e5c                MenuSettingsBatteryType_Enter
 .text.Delay_ms
                0x08000f78       0x30 ..\obj\main.o
                0x08000f78                Delay_ms
 .text.MenuLog  0x08000fa8       0x90 ..\obj\main.o
                0x08000fa8                MenuLog
 .text.MenuCalibration_Current_to_0
                0x08001038       0x40 ..\obj\main.o
                0x08001038                MenuCalibration_Current_to_0
 .text.MenuCalibration_BackToFactory
                0x08001078       0x7c ..\obj\main.o
                0x08001078                MenuCalibration_BackToFactory
 .text.MenuSettingsChargeTime
                0x080010f4       0x4c ..\obj\main.o
                0x080010f4                MenuSettingsChargeTime
 .text.MenuSettingsBatteryType
                0x08001140       0xf0 ..\obj\main.o
                0x08001140                MenuSettingsBatteryType
 .text.MenuSettingsLowVolt
                0x08001230       0x44 ..\obj\main.o
                0x08001230                MenuSettingsLowVolt
 .text.MenuSettingsMaxVolt
                0x08001274       0x44 ..\obj\main.o
                0x08001274                MenuSettingsMaxVolt
 .text.MenuSettingsSwngChrgTime
                0x080012b8       0x3c ..\obj\main.o
                0x080012b8                MenuSettingsSwngChrgTime
 .text.MenuSettingsSwngDChrgTime
                0x080012f4       0x3c ..\obj\main.o
                0x080012f4                MenuSettingsSwngDChrgTime
 .text.MenuSettingsChargeAddapt
                0x08001330       0x80 ..\obj\main.o
                0x08001330                MenuSettingsChargeAddapt
 .text.SelectedOption
                0x080013b0       0x2c ..\obj\main.o
                0x080013b0                SelectedOption
 .text.MenuSettingsSaveMenuPosWhenOFF
                0x080013dc       0x94 ..\obj\main.o
                0x080013dc                MenuSettingsSaveMenuPosWhenOFF
 .text.BUT_Debrief
                0x08001470       0x6c ..\obj\main.o
                0x08001470                BUT_Debrief
 .text.BUT_GetKey
                0x080014dc       0x14 ..\obj\main.o
                0x080014dc                BUT_GetKey
 .text.TIM7_IRQHandler
                0x080014f0       0x2c ..\obj\main.o
                0x080014f0                TIM7_IRQHandler
 .text.TIM1_UP_TIM16_IRQHandler
                0x0800151c       0xa8 ..\obj\main.o
                0x0800151c                TIM1_UP_TIM16_IRQHandler
 .text.OUT_OFF  0x080015c4       0x28 ..\obj\main.o
                0x080015c4                OUT_OFF
 .text.OUT_ON   0x080015ec       0x28 ..\obj\main.o
                0x080015ec                OUT_ON
 .text.MenuCalibration_Resist_Comp_5V1A
                0x08001614       0xd0 ..\obj\main.o
                0x08001614                MenuCalibration_Resist_Comp_5V1A
 .text.MenuCalibration_VoltagePS3
                0x080016e4       0x74 ..\obj\main.o
                0x080016e4                MenuCalibration_VoltagePS3
 .text.MenuCalibration_VoltagePS2
                0x08001758       0x74 ..\obj\main.o
                0x08001758                MenuCalibration_VoltagePS2
 .text.MenuCalibration_VoltagePS1
                0x080017cc       0x74 ..\obj\main.o
                0x080017cc                MenuCalibration_VoltagePS1
 .text.MenuCalibration_Current_mkA1
                0x08001840       0x70 ..\obj\main.o
                0x08001840                MenuCalibration_Current_mkA1
 .text.MenuCalibration_Current_mA1
                0x080018b0       0x70 ..\obj\main.o
                0x080018b0                MenuCalibration_Current_mA1
 .text.MenuPowerSupply
                0x08001920      0x104 ..\obj\main.o
                0x08001920                MenuPowerSupply
 .text.LOAD_ON  0x08001a24       0x20 ..\obj\main.o
                0x08001a24                LOAD_ON
 .text.LOAD_OFF
                0x08001a44       0x20 ..\obj\main.o
                0x08001a44                LOAD_OFF
 .text.OFF      0x08001a64        0xe ..\obj\main.o
                0x08001a64                OFF
 *fill*         0x08001a72        0x2 00
 .text.MenuDIAGNOSTIC
                0x08001a74      0x2f8 ..\obj\main.o
                0x08001a74                MenuDIAGNOSTIC
 .text.MenuLoad
                0x08001d6c       0xb4 ..\obj\main.o
                0x08001d6c                MenuLoad
 .text.startup.main
                0x08001e20      0x408 ..\obj\main.o
                0x08001e20                main
 .text.ADC1_CH_DMA_Config
                0x08002228      0x144 ..\obj\ADC.o
                0x08002228                ADC1_CH_DMA_Config
 .text.init_timer3
                0x0800236c       0x54 ..\obj\ADC.o
                0x0800236c                init_timer3
 .text.MedianFilter
                0x080023c0       0x98 ..\obj\ADC.o
                0x080023c0                MedianFilter
 .text.MedianFilter1
                0x08002458       0x9c ..\obj\ADC.o
                0x08002458                MedianFilter1
 .text.MedianFilter2
                0x080024f4       0x9c ..\obj\ADC.o
                0x080024f4                MedianFilter2
 .text.middle_of_3Umax
                0x08002590       0x44 ..\obj\ADC.o
                0x08002590                middle_of_3Umax
 .text.TIM3_IRQHandler
                0x080025d4      0x1d8 ..\obj\ADC.o
                0x080025d4                TIM3_IRQHandler
 .text.RCC_ADCCLKConfig
                0x080027ac       0x14 ..\obj\stm32f10x_rcc.o
                0x080027ac                RCC_ADCCLKConfig
 .text.RCC_GetClocksFreq
                0x080027c0       0x90 ..\obj\stm32f10x_rcc.o
                0x080027c0                RCC_GetClocksFreq
 .text.RCC_AHBPeriphClockCmd
                0x08002850       0x18 ..\obj\stm32f10x_rcc.o
                0x08002850                RCC_AHBPeriphClockCmd
 .text.RCC_APB2PeriphClockCmd
                0x08002868       0x18 ..\obj\stm32f10x_rcc.o
                0x08002868                RCC_APB2PeriphClockCmd
 .text.RCC_APB1PeriphClockCmd
                0x08002880       0x18 ..\obj\stm32f10x_rcc.o
                0x08002880                RCC_APB1PeriphClockCmd
 .text.Init_Out
                0x08002898       0xf0 ..\obj\Init_.o
                0x08002898                Init_Out
 .text.Init_button
                0x08002988       0x84 ..\obj\Init_.o
                0x08002988                Init_button
 .text.init_timer7
                0x08002a0c       0x54 ..\obj\Init_.o
                0x08002a0c                init_timer7
 .text.init_timer16
                0x08002a60       0x5c ..\obj\Init_.o
                0x08002a60                init_timer16
 .text.InitTimer2ForDelay
                0x08002abc       0x20 ..\obj\Init_.o
                0x08002abc                InitTimer2ForDelay
 .text.Initialization
                0x08002adc       0x46 ..\obj\Init_.o
                0x08002adc                Initialization
 *fill*         0x08002b22        0x2 00
 .text.ADC_Init
                0x08002b24       0x48 ..\obj\stm32f10x_adc.o
                0x08002b24                ADC_Init
 .text.ADC_Cmd  0x08002b6c       0x12 ..\obj\stm32f10x_adc.o
                0x08002b6c                ADC_Cmd
 .text.ADC_DMACmd
                0x08002b7e       0x12 ..\obj\stm32f10x_adc.o
                0x08002b7e                ADC_DMACmd
 .text.ADC_ResetCalibration
                0x08002b90        0xa ..\obj\stm32f10x_adc.o
                0x08002b90                ADC_ResetCalibration
 .text.ADC_GetResetCalibrationStatus
                0x08002b9a        0x8 ..\obj\stm32f10x_adc.o
                0x08002b9a                ADC_GetResetCalibrationStatus
 .text.ADC_StartCalibration
                0x08002ba2        0xa ..\obj\stm32f10x_adc.o
                0x08002ba2                ADC_StartCalibration
 .text.ADC_GetCalibrationStatus
                0x08002bac        0x8 ..\obj\stm32f10x_adc.o
                0x08002bac                ADC_GetCalibrationStatus
 .text.ADC_SoftwareStartConvCmd
                0x08002bb4       0x12 ..\obj\stm32f10x_adc.o
                0x08002bb4                ADC_SoftwareStartConvCmd
 .text.ADC_RegularChannelConfig
                0x08002bc6       0x9c ..\obj\stm32f10x_adc.o
                0x08002bc6                ADC_RegularChannelConfig
 *fill*         0x08002c62        0x2 00
 .text.ADC_TempSensorVrefintCmd
                0x08002c64       0x18 ..\obj\stm32f10x_adc.o
                0x08002c64                ADC_TempSensorVrefintCmd
 .text.USART_Init
                0x08002c7c       0xb0 ..\obj\stm32f10x_usart.o
                0x08002c7c                USART_Init
 .text.USART_Cmd
                0x08002d2c       0x18 ..\obj\stm32f10x_usart.o
                0x08002d2c                USART_Cmd
 .text.USART_ITConfig
                0x08002d44       0x32 ..\obj\stm32f10x_usart.o
                0x08002d44                USART_ITConfig
 .text.USART_SendData
                0x08002d76        0x8 ..\obj\stm32f10x_usart.o
                0x08002d76                USART_SendData
 .text.USART_GetFlagStatus
                0x08002d7e        0xc ..\obj\stm32f10x_usart.o
                0x08002d7e                USART_GetFlagStatus
 *fill*         0x08002d8a        0x2 00
 .text.itoa     0x08002d8c       0x74 ..\obj\Lib.o
                0x08002d8c                itoa
 .text.itoaP    0x08002e00       0x74 ..\obj\Lib.o
                0x08002e00                itoaP
 .text.itoa_koma
                0x08002e74       0xd4 ..\obj\Lib.o
                0x08002e74                itoa_koma
 .text.Module16
                0x08002f48        0xc ..\obj\Lib.o
                0x08002f48                Module16
 .text.strlen1  0x08002f54       0x12 ..\obj\Lib.o
                0x08002f54                strlen1
 .text.Merge3Strings
                0x08002f66       0x46 ..\obj\Lib.o
                0x08002f66                Merge3Strings
 .text.ClockStringWithSec
                0x08002fac       0xe2 ..\obj\Lib.o
                0x08002fac                ClockStringWithSec
 .text.ClockStringNoSec
                0x0800308e       0x96 ..\obj\Lib.o
                0x0800308e                ClockStringNoSec
 .text.DMA_Init
                0x08003124       0x3c ..\obj\stm32f10x_dma.o
                0x08003124                DMA_Init
 .text.DMA_Cmd  0x08003160       0x16 ..\obj\stm32f10x_dma.o
                0x08003160                DMA_Cmd
 .text.DMA_ITConfig
                0x08003176       0x10 ..\obj\stm32f10x_dma.o
                0x08003176                DMA_ITConfig
 *fill*         0x08003186        0x2 00
 .text.DMA_ClearFlag
                0x08003188       0x14 ..\obj\stm32f10x_dma.o
                0x08003188                DMA_ClearFlag
 .text.DMA_ClearITPendingBit
                0x0800319c       0x14 ..\obj\stm32f10x_dma.o
                0x0800319c                DMA_ClearITPendingBit
 .text.NVIC_Init
                0x080031b0       0x64 ..\obj\misc.o
                0x080031b0                NVIC_Init
 .text.flash_erase_page
                0x08003214       0x44 ..\obj\Eeprom.o
                0x08003214                flash_erase_page
 .text.flash_unlock
                0x08003258       0x18 ..\obj\Eeprom.o
                0x08003258                flash_unlock
 .text.flash_lock
                0x08003270       0x10 ..\obj\Eeprom.o
                0x08003270                flash_lock
 .text.flash_write
                0x08003280       0x50 ..\obj\Eeprom.o
                0x08003280                flash_write
 .text.flash_write_block
                0x080032d0       0x60 ..\obj\Eeprom.o
                0x080032d0                flash_write_block
 .text.flash_read_block
                0x08003330       0x2c ..\obj\Eeprom.o
                0x08003330                flash_read_block
 .text.flash_read
                0x0800335c       0x4c ..\obj\Eeprom.o
                0x0800335c                flash_read
 .text.CalibrationWriteToFlash
                0x080033a8       0x6c ..\obj\Eeprom.o
                0x080033a8                CalibrationWriteToFlash
 .text.CalibrationFactoryWriteToFlash
                0x08003414       0x6c ..\obj\Eeprom.o
                0x08003414                CalibrationFactoryWriteToFlash
 .text.CalibrationReadFromFlash
                0x08003480       0x98 ..\obj\Eeprom.o
                0x08003480                CalibrationReadFromFlash
 .text.CalibrationReadFromFlashForVerify
                0x08003518       0x98 ..\obj\Eeprom.o
                0x08003518                CalibrationReadFromFlashForVerify
 .text.SettingsWriteToFlash
                0x080035b0       0x5c ..\obj\Eeprom.o
                0x080035b0                SettingsWriteToFlash
 .text.SettingsFactoryWriteToFlash
                0x0800360c       0x5c ..\obj\Eeprom.o
                0x0800360c                SettingsFactoryWriteToFlash
 .text.SettingsReadFromFlash
                0x08003668       0x80 ..\obj\Eeprom.o
                0x08003668                SettingsReadFromFlash
 .text.SettingsReadFromFlashForVerify
                0x080036e8       0x80 ..\obj\Eeprom.o
                0x080036e8                SettingsReadFromFlashForVerify
 .text.DataWhenPowerOff_Factory_WriteToFlash
                0x08003768       0x34 ..\obj\Eeprom.o
                0x08003768                DataWhenPowerOff_Factory_WriteToFlash
 .text.DataWhenPowerOffReadFromFlash
                0x0800379c       0x40 ..\obj\Eeprom.o
                0x0800379c                DataWhenPowerOffReadFromFlash
 .text.DataWhenPowerOffReadFromFlashForVerify
                0x080037dc       0x40 ..\obj\Eeprom.o
                0x080037dc                DataWhenPowerOffReadFromFlashForVerify
 .text.ReadFromFlash
                0x0800381c       0x40 ..\obj\Eeprom.o
                0x0800381c                ReadFromFlash
 .text.CalcCRC8
                0x0800385c       0x34 ..\obj\Eeprom.o
                0x0800385c                CalcCRC8
 .text.FactoryWriteToFlash_CRC
                0x08003890      0x124 ..\obj\Eeprom.o
                0x08003890                FactoryWriteToFlash_CRC
 .text.SettingsWriteToFlash_CRC
                0x080039b4       0x8c ..\obj\Eeprom.o
                0x080039b4                SettingsWriteToFlash_CRC
 .text.CalibrationWriteToFlash_CRC
                0x08003a40       0x60 ..\obj\Eeprom.o
                0x08003a40                CalibrationWriteToFlash_CRC
 .text.USART1Init
                0x08003aa0       0x98 ..\obj\usart.o
                0x08003aa0                USART1Init
 .text.PutChar  0x08003b38       0x34 ..\obj\usart.o
                0x08003b38                PutChar
 .text.USART1_IRQHandler
                0x08003b6c       0x74 ..\obj\usart.o
                0x08003b6c                USART1_IRQHandler
 .text.Print_to_USART1
                0x08003be0       0x40 ..\obj\usart.o
                0x08003be0                Print_to_USART1
 .text.TransmitChar
                0x08003c20       0x20 ..\obj\usart.o
                0x08003c20                TransmitChar
 .text.TransmitString
                0x08003c40       0x20 ..\obj\usart.o
                0x08003c40                TransmitString
 .text.Print_to_USART1_d
                0x08003c60       0x30 ..\obj\usart.o
                0x08003c60                Print_to_USART1_d
 .text.memcpy   0x08003c90       0x84 c:/program files (x86)/gnu tools arm embedded/4.6 2012q4/bin/../lib/gcc/arm-none-eabi/4.6.2/../../../../arm-none-eabi/lib/armv7-m\libg.a(lib_a-memcpy.o)
                0x08003c90                memcpy
 *(.init)
 *(.fini)
 *crtbegin.o(.ctors)
 *crtbegin?.o(.ctors)
 *(EXCLUDE_FILE(*crtend.o *crtend?.o) .ctors)
 *(SORT(.ctors.*))
 *(.ctors)
 *crtbegin.o(.dtors)
 *crtbegin?.o(.dtors)
 *(EXCLUDE_FILE(*crtend.o *crtend?.o) .dtors)
 *(SORT(.dtors.*))
 *(.dtors)
 *(.rodata*)
 .rodata        0x08003d14       0x18 ..\obj\MicroMenu2_1.o
                0x08003d14                NULL_MENU
 .rodata.str1.1
                0x08003d2c      0x1fa ..\obj\General.o
 *fill*         0x08003f26        0x2 00
 .rodata        0x08003f28      0x9c8 ..\obj\main.o
                0x08003f28                Menu_2_1
                0x08003f54                Menu_3_1
                0x08003f80                Menu_4_1
                0x08003fac                Menu_5_1
                0x08003fd8                Menu_6_1
                0x08004004                Menu_7_1
                0x08004030                Menu_8_1
                0x0800405c                Menu_6_1a
                0x08004088                Menu_9_1
                0x080040b4                Menu_11_1
                0x080040e0                Menu_10_2_1
                0x0800410c                Menu_10_1_1
                0x08004138                Menu_10_4_1
                0x08004164                Menu_10_3_1
                0x08004190                Menu_10_7_1
                0x080041ac                Menu_10_6_1
                0x080041d8                Menu_10_5_1
                0x08004204                Menu_10_8_1
                0x08004220                Menu_10_9_1
                0x0800423c                Menu_1_1_1
                0x08004268                Menu_1_1_1a
                0x08004294                Menu_1_2_1
                0x080042c0                Menu_1_3_1
                0x080042ec                Menu_1_4_1
                0x08004318                Menu_1_5_1
                0x08004344                Menu_1_6_1
                0x08004370                Menu_1_S_1
                0x0800439c                Menu_10_10
                0x080043c8                Menu_10_9
                0x080043f4                Menu_10_8
                0x08004420                Menu_10_7
                0x0800444c                Menu_10_6
                0x08004478                Menu_10_5
                0x080044a4                Menu_10_4
                0x080044d0                Menu_10_3
                0x080044fc                Menu_10_2
                0x08004528                Menu_10_1
                0x08004554                Menu_1_7
                0x08004580                Menu_1_S
                0x080045ac                Menu_1_6
                0x080045d8                Menu_1_5
                0x08004604                Menu_1_4
                0x08004630                Menu_1_3
                0x0800465c                Menu_1_2
                0x08004688                Menu_1_1a
                0x080046b4                Menu_1_1
                0x080046e0                Menu_10
                0x0800470c                Menu_11
                0x08004738                Menu_9
                0x08004764                Menu_8
                0x08004790                Menu_7
                0x080047bc                Menu_6a
                0x080047e8                Menu_6
                0x08004814                Menu_5
                0x08004840                Menu_4
                0x0800486c                Menu_3
                0x08004898                Menu_2
                0x080048c4                Menu_1
 .rodata.str1.1
                0x080048f0      0x2f9 ..\obj\main.o
                                0x328 (size before relaxing)
 .rodata        0x08004be9      0x100 ..\obj\Eeprom.o
 .rodata.str1.1
                0x08004ce9      0x316 ..\obj\Eeprom.o
                                0x428 (size before relaxing)
 *(.eh_fram e*)

.glue_7         0x08005000        0x0
 .glue_7        0x00000000        0x0 linker stubs

.glue_7t        0x08005000        0x0
 .glue_7t       0x00000000        0x0 linker stubs

.vfp11_veneer   0x08005000        0x0
 .vfp11_veneer  0x00000000        0x0 linker stubs

.v4_bx          0x08005000        0x0
 .v4_bx         0x00000000        0x0 linker stubs

.ARM.extab
 *(.ARM.extab* .gnu.linkonce.armextab.*)
                0x08005000                __exidx_start = .

.ARM.exidx
 *(.ARM.exidx* .gnu.linkonce.armexidx.*)
                0x08005000                __exidx_end = .
                0x08005000                __etext = .
                0x08004fff                _sidata = __etext

.data           0x20000000      0x274 load address 0x08004fff
                0x20000000                __data_start__ = .
                0x20000000                _sdata = __data_start__
 *(vtable)
 *(.data*)
 .data          0x20000000        0x4 ..\obj\MicroMenu2_1.o
 .data          0x20000004      0x1fc ..\obj\General.o
                0x20000004                CalibrationData
                0x20000054                SettingsData
                0x20000094                SaveDataWhenPowerOff
                0x200000ac                resistor01
                0x200000b0                SaveDataWhenPowerOffFactory
                0x200000c8                SaveDataWhenPowerOffForVerify
                0x200000e0                SettingsDataFactory
                0x20000120                SettingsDataForVerify
                0x20000160                CalibrationDataFactory
                0x200001b0                CalibrationDataForVerify
 .data          0x20000200       0x20 ..\obj\hd44780_driver.o
                0x20000200                russ
 .data          0x20000220       0x16 ..\obj\main.o
                0x20000223                Version
                0x20000234                ChargedStatus
 *fill*         0x20000236        0x2 00
 .data          0x20000238       0x24 ..\obj\ADC.o
 .data          0x2000025c       0x14 ..\obj\stm32f10x_rcc.o
 .data          0x20000270        0x1 ..\obj\Eeprom.o
                0x20000274                . = ALIGN (0x4)
 *fill*         0x20000271        0x3 00
                0x20000274                PROVIDE (__preinit_array_start, .)
 *(.preinit_array)
                0x20000274                PROVIDE (__preinit_array_end, .)
                0x20000274                . = ALIGN (0x4)
                0x20000274                PROVIDE (__init_array_start, .)
 *(SORT(.init_array.*))
 *(.init_array)
                0x20000274                PROVIDE (__init_array_end, .)
                0x20000274                . = ALIGN (0x4)
                0x20000274                PROVIDE (__fini_array_start, .)
 *(SORT(.fini_array.*))
 *(.fini_array)
                0x20000274                PROVIDE (__fini_array_end, .)
 *(.jcr*)
                0x20000274                . = ALIGN (0x4)
                0x20000274                __data_end__ = .
                0x20000274                _edata = __data_end__

.bss            0x20000274      0x778 load address 0x08005274
                0x20000274                . = ALIGN (0x4)
                0x20000274                __bss_start__ = .
                0x20000274                _sbss = __bss_start__
 *(.bss*)
 .bss           0x20000274        0x4 ..\obj\MicroMenu2_1.o
 .bss           0x20000278       0x10 ..\obj\General.o
                0x20000278                Current
                0x2000027c                Current_mA
                0x20000280                Current_mkA
                0x20000284                U_OUT_ForSetResistance
 .bss           0x20000288        0x2 ..\obj\hd44780_driver.o
                0x20000288                pos_x
                0x20000289                pos_y
 *fill*         0x2000028a        0x2 00
 .bss           0x2000028c       0x6c ..\obj\main.o
                0x2000028c                i_LogItems
                0x20000290                BatteryCapacityCharge
                0x20000294                ChargeTimeSec
                0x20000298                BatteryCapacityDischargeCurrent
                0x2000029c                DischargeTimeSec
                0x200002a0                CountShowBT
                0x200002a2                comp
                0x200002a4                pressedKey
                0x200002a8                PowerOffTimesec
                0x200002ac                TimerForReadyMeasurement_ms
                0x200002b0                ChargeStatusForTimer
                0x200002b1                DisChargeStatusForTimer
                0x200002b2                Status_Timer_Sec
                0x200002b4                Timer_Sec
                0x200002b8                time_sec
                0x200002bc                On_off
                0x200002bd                Status_Out
                0x200002be                EnterInMenu_Status
                0x200002bf                Blink_message_counter
                0x200002c0                Status_Load
                0x200002c1                ChargeDischargeState
                0x200002c2                CountShow1
                0x200002c4                BatteryCapacityDischargeCurrentAfterPOwerUp
                0x200002c8                InitiStatus
                0x200002c9                CountShow
                0x200002cc                DischargeTimeSec_Previous
                0x200002d0                BATERYSTATUS
                0x200002d1                OffCurrentStatus
                0x200002d2                U_BatteryTmp
                0x200002d4                BatteryVeryLow
                0x200002d5                BatteryLow
                0x200002d8                OffCurrent_Timer
                0x200002dc                VeryLowBattery_Timer
                0x200002e0                U_Battery_Timer
                0x200002e4                SwingtimeSec
                0x200002e8                PopUpMessage
                0x200002ec                time_hour
                0x200002f0                time_min
                0x200002f4                sec
 .bss           0x200002f8      0x384 ..\obj\ADC.o
                0x20000660                CurrentTimer
                0x20000664                U_PS
                0x20000666                U_Controller
                0x20000668                U_IN
                0x2000066a                U_OUT
                0x2000066c                HighCurrentStatus
                0x20000670                OffTimer
                0x20000674                U_5V
                0x20000676                U_5V_1Wire
                0x20000678                U_12V
                0x2000067a                Temperature
 .bss           0x2000067c       0x21 ..\obj\Lib.o
 .bss           0x2000069d        0x6 ..\obj\usart.o
                0x2000069d                RXcount
                0x2000069e                RXtail
                0x2000069f                TXcount
                0x200006a0                TXhead
                0x200006a1                TXtail
                0x200006a2                RXhead
 *(COMMON)
 *fill*         0x200006a3        0x1 00
 COMMON         0x200006a4      0x1a0 ..\obj\General.o
                0x200006a4                Current_RAW
                0x200006a8                LoggingData
 COMMON         0x20000844       0x18 ..\obj\main.o
                0x20000844                ChargeDurationSec
                0x20000848                RegularConvData
                0x20000858                SelectedOptionValue
 COMMON         0x2000085c      0x190 ..\obj\usart.o
                0x2000085c                RXBuf
                0x20000924                TXBuf
                0x200009ec                . = ALIGN (0x4)
                0x200009ec                __bss_end__ = .
                0x200009ec                _ebss = __bss_end__

.heap           0x200009ec        0x0
                0x200009ec                __end__ = .
                0x200009ec                _end = __end__
                0x200009ec                end = __end__
 *(.heap*)
                0x200009ec                __HeapLimit = .

.co_stack       0x200009ec      0x404 load address 0x080059ec
                0x200009f0                . = ALIGN (0x8)
 *fill*         0x200009ec        0x4 00
 *(.co_stack .co_stack.*)
 .co_stack      0x200009f0      0x400 ..\obj\startup_stm32f10x_ld_vl.o
                0x200009f0                pulStack
                0x20002000                __StackTop = (ORIGIN (ram) + 0x2000)
                0x20001bfc                __StackLimit = (__StackTop - SIZEOF (.co_stack))
                0x20002000                PROVIDE (__stack, __StackTop)
                0x00000001                ASSERT ((__StackLimit >= __HeapLimit), region ram  overflowed with stack)
LOAD ..\obj\MicroMenu2_1.o
LOAD ..\obj\stm32f10x_tim.o
LOAD ..\obj\startup_stm32f10x_ld_vl.o
LOAD ..\obj\General.o
LOAD ..\obj\system_stm32f10x.o
LOAD ..\obj\hd44780_driver.o
LOAD ..\obj\stm32f10x_gpio.o
LOAD ..\obj\main.o
LOAD ..\obj\ADC.o
LOAD ..\obj\stm32f10x_rcc.o
LOAD ..\obj\Init_.o
LOAD ..\obj\stm32f10x_adc.o
LOAD ..\obj\stm32f10x_usart.o
LOAD ..\obj\Lib.o
LOAD ..\obj\stm32f10x_dma.o
LOAD ..\obj\misc.o
LOAD ..\obj\Eeprom.o
LOAD ..\obj\usart.o
START GROUP
LOAD c:/program files (x86)/gnu tools arm embedded/4.6 2012q4/bin/../lib/gcc/arm-none-eabi/4.6.2/armv7-m\libgcc.a
LOAD c:/program files (x86)/gnu tools arm embedded/4.6 2012q4/bin/../lib/gcc/arm-none-eabi/4.6.2/../../../../arm-none-eabi/lib/armv7-m\libg.a
LOAD c:/program files (x86)/gnu tools arm embedded/4.6 2012q4/bin/../lib/gcc/arm-none-eabi/4.6.2/../../../../arm-none-eabi/lib/armv7-m\libc.a
END GROUP
OUTPUT(BMS.elf elf32-littlearm)

.debug_info     0x00000000     0xc125
 .debug_info    0x00000000      0x23e ..\obj\MicroMenu2_1.o
 .debug_info    0x0000023e     0x1eb4 ..\obj\stm32f10x_tim.o
 .debug_info    0x000020f2      0x140 ..\obj\startup_stm32f10x_ld_vl.o
 .debug_info    0x00002232      0x613 ..\obj\General.o
 .debug_info    0x00002845      0x49c ..\obj\system_stm32f10x.o
 .debug_info    0x00002ce1      0x694 ..\obj\hd44780_driver.o
 .debug_info    0x00003375      0x724 ..\obj\stm32f10x_gpio.o
 .debug_info    0x00003a99     0x2164 ..\obj\main.o
 .debug_info    0x00005bfd     0x16eb ..\obj\ADC.o
 .debug_info    0x000072e8      0x973 ..\obj\stm32f10x_rcc.o
 .debug_info    0x00007c5b      0xbb0 ..\obj\Init_.o
 .debug_info    0x0000880b      0xc02 ..\obj\stm32f10x_adc.o
 .debug_info    0x0000940d      0xa5f ..\obj\stm32f10x_usart.o
 .debug_info    0x00009e6c      0x561 ..\obj\Lib.o
 .debug_info    0x0000a3cd      0x4a0 ..\obj\stm32f10x_dma.o
 .debug_info    0x0000a86d      0x594 ..\obj\misc.o
 .debug_info    0x0000ae01      0xb5d ..\obj\Eeprom.o
 .debug_info    0x0000b95e      0x7c7 ..\obj\usart.o

.debug_abbrev   0x00000000     0x221e
 .debug_abbrev  0x00000000      0x147 ..\obj\MicroMenu2_1.o
 .debug_abbrev  0x00000147      0x272 ..\obj\stm32f10x_tim.o
 .debug_abbrev  0x000003b9       0xb0 ..\obj\startup_stm32f10x_ld_vl.o
 .debug_abbrev  0x00000469      0x14f ..\obj\General.o
 .debug_abbrev  0x000005b8      0x17b ..\obj\system_stm32f10x.o
 .debug_abbrev  0x00000733      0x28c ..\obj\hd44780_driver.o
 .debug_abbrev  0x000009bf      0x1d9 ..\obj\stm32f10x_gpio.o
 .debug_abbrev  0x00000b98      0x3fa ..\obj\main.o
 .debug_abbrev  0x00000f92      0x2de ..\obj\ADC.o
 .debug_abbrev  0x00001270      0x1d0 ..\obj\stm32f10x_rcc.o
 .debug_abbrev  0x00001440      0x19d ..\obj\Init_.o
 .debug_abbrev  0x000015dd      0x1cf ..\obj\stm32f10x_adc.o
 .debug_abbrev  0x000017ac      0x1b8 ..\obj\stm32f10x_usart.o
 .debug_abbrev  0x00001964      0x174 ..\obj\Lib.o
 .debug_abbrev  0x00001ad8      0x174 ..\obj\stm32f10x_dma.o
 .debug_abbrev  0x00001c4c      0x14c ..\obj\misc.o
 .debug_abbrev  0x00001d98      0x2a4 ..\obj\Eeprom.o
 .debug_abbrev  0x0000203c      0x1e2 ..\obj\usart.o

.debug_loc      0x00000000     0x5541
 .debug_loc     0x00000000       0xcb ..\obj\MicroMenu2_1.o
 .debug_loc     0x000000cb     0x1489 ..\obj\stm32f10x_tim.o
 .debug_loc     0x00001554       0x33 ..\obj\startup_stm32f10x_ld_vl.o
 .debug_loc     0x00001587      0x227 ..\obj\General.o
 .debug_loc     0x000017ae      0x13e ..\obj\system_stm32f10x.o
 .debug_loc     0x000018ec      0x4d9 ..\obj\hd44780_driver.o
 .debug_loc     0x00001dc5      0x439 ..\obj\stm32f10x_gpio.o
 .debug_loc     0x000021fe      0x8c7 ..\obj\main.o
 .debug_loc     0x00002ac5      0x5ac ..\obj\ADC.o
 .debug_loc     0x00003071      0x5c1 ..\obj\stm32f10x_rcc.o
 .debug_loc     0x00003632       0xa0 ..\obj\Init_.o
 .debug_loc     0x000036d2      0x81e ..\obj\stm32f10x_adc.o
 .debug_loc     0x00003ef0      0x59a ..\obj\stm32f10x_usart.o
 .debug_loc     0x0000448a      0x69a ..\obj\Lib.o
 .debug_loc     0x00004b24      0x142 ..\obj\stm32f10x_dma.o
 .debug_loc     0x00004c66      0x125 ..\obj\misc.o
 .debug_loc     0x00004d8b      0x5df ..\obj\Eeprom.o
 .debug_loc     0x0000536a      0x1d7 ..\obj\usart.o

.debug_aranges  0x00000000      0xd90
 .debug_aranges
                0x00000000       0x38 ..\obj\MicroMenu2_1.o
 .debug_aranges
                0x00000038      0x2e0 ..\obj\stm32f10x_tim.o
 .debug_aranges
                0x00000318       0x28 ..\obj\startup_stm32f10x_ld_vl.o
 .debug_aranges
                0x00000340       0x30 ..\obj\General.o
 .debug_aranges
                0x00000370       0x28 ..\obj\system_stm32f10x.o
 .debug_aranges
                0x00000398       0xb8 ..\obj\hd44780_driver.o
 .debug_aranges
                0x00000450       0xa8 ..\obj\stm32f10x_gpio.o
 .debug_aranges
                0x000004f8      0x230 ..\obj\main.o
 .debug_aranges
                0x00000728       0x60 ..\obj\ADC.o
 .debug_aranges
                0x00000788      0x120 ..\obj\stm32f10x_rcc.o
 .debug_aranges
                0x000008a8       0x48 ..\obj\Init_.o
 .debug_aranges
                0x000008f0      0x138 ..\obj\stm32f10x_adc.o
 .debug_aranges
                0x00000a28      0x100 ..\obj\stm32f10x_usart.o
 .debug_aranges
                0x00000b28       0x78 ..\obj\Lib.o
 .debug_aranges
                0x00000ba0       0x70 ..\obj\stm32f10x_dma.o
 .debug_aranges
                0x00000c10       0x40 ..\obj\misc.o
 .debug_aranges
                0x00000c50       0xe8 ..\obj\Eeprom.o
 .debug_aranges
                0x00000d38       0x58 ..\obj\usart.o

.debug_ranges   0x00000000      0xd48
 .debug_ranges  0x00000000       0x28 ..\obj\MicroMenu2_1.o
 .debug_ranges  0x00000028      0x330 ..\obj\stm32f10x_tim.o
 .debug_ranges  0x00000358       0x18 ..\obj\startup_stm32f10x_ld_vl.o
 .debug_ranges  0x00000370       0x50 ..\obj\General.o
 .debug_ranges  0x000003c0       0x18 ..\obj\system_stm32f10x.o
 .debug_ranges  0x000003d8       0xa8 ..\obj\hd44780_driver.o
 .debug_ranges  0x00000480       0x98 ..\obj\stm32f10x_gpio.o
 .debug_ranges  0x00000518      0x250 ..\obj\main.o
 .debug_ranges  0x00000768       0x68 ..\obj\ADC.o
 .debug_ranges  0x000007d0      0x110 ..\obj\stm32f10x_rcc.o
 .debug_ranges  0x000008e0       0x38 ..\obj\Init_.o
 .debug_ranges  0x00000918      0x128 ..\obj\stm32f10x_adc.o
 .debug_ranges  0x00000a40       0xf0 ..\obj\stm32f10x_usart.o
 .debug_ranges  0x00000b30       0x68 ..\obj\Lib.o
 .debug_ranges  0x00000b98       0x60 ..\obj\stm32f10x_dma.o
 .debug_ranges  0x00000bf8       0x30 ..\obj\misc.o
 .debug_ranges  0x00000c28       0xd8 ..\obj\Eeprom.o
 .debug_ranges  0x00000d00       0x48 ..\obj\usart.o

.debug_line     0x00000000     0x5a22
 .debug_line    0x00000000      0x166 ..\obj\MicroMenu2_1.o
 .debug_line    0x00000166      0xbaf ..\obj\stm32f10x_tim.o
 .debug_line    0x00000d15       0xd7 ..\obj\startup_stm32f10x_ld_vl.o
 .debug_line    0x00000dec      0x3c2 ..\obj\General.o
 .debug_line    0x000011ae      0x282 ..\obj\system_stm32f10x.o
 .debug_line    0x00001430      0x52f ..\obj\hd44780_driver.o
 .debug_line    0x0000195f      0x45a ..\obj\stm32f10x_gpio.o
 .debug_line    0x00001db9      0xc6c ..\obj\main.o
 .debug_line    0x00002a25      0x5b7 ..\obj\ADC.o
 .debug_line    0x00002fdc      0x551 ..\obj\stm32f10x_rcc.o
 .debug_line    0x0000352d      0x3d8 ..\obj\Init_.o
 .debug_line    0x00003905      0x5d1 ..\obj\stm32f10x_adc.o
 .debug_line    0x00003ed6      0x578 ..\obj\stm32f10x_usart.o
 .debug_line    0x0000444e      0x52a ..\obj\Lib.o
 .debug_line    0x00004978      0x39f ..\obj\stm32f10x_dma.o
 .debug_line    0x00004d17      0x2ea ..\obj\misc.o
 .debug_line    0x00005001      0x673 ..\obj\Eeprom.o
 .debug_line    0x00005674      0x3ae ..\obj\usart.o

.debug_str      0x00000000     0x4614
 .debug_str     0x00000000      0x1b1 ..\obj\MicroMenu2_1.o
                                0x1d6 (size before relaxing)
 .debug_str     0x000001b1      0xcb6 ..\obj\stm32f10x_tim.o
                                0xdb7 (size before relaxing)
 .debug_str     0x00000e67       0xeb ..\obj\startup_stm32f10x_ld_vl.o
                                0x153 (size before relaxing)
 .debug_str     0x00000f52      0x669 ..\obj\General.o
                                0x7a8 (size before relaxing)
 .debug_str     0x000015bb      0x19a ..\obj\system_stm32f10x.o
                                0x2b4 (size before relaxing)
 .debug_str     0x00001755      0x25d ..\obj\hd44780_driver.o
                                0x371 (size before relaxing)
 .debug_str     0x000019b2      0x39f ..\obj\stm32f10x_gpio.o
                                0x4f3 (size before relaxing)
 .debug_str     0x00001d51      0xac2 ..\obj\main.o
                               0x13e9 (size before relaxing)
 .debug_str     0x00002813      0x69f ..\obj\ADC.o
                               0x110b (size before relaxing)
 .debug_str     0x00002eb2      0x455 ..\obj\stm32f10x_rcc.o
                                0x647 (size before relaxing)
 .debug_str     0x00003307       0xc4 ..\obj\Init_.o
                                0x790 (size before relaxing)
 .debug_str     0x000033cb      0x4a4 ..\obj\stm32f10x_adc.o
                                0x6d5 (size before relaxing)
 .debug_str     0x0000386f      0x460 ..\obj\stm32f10x_usart.o
                                0x66a (size before relaxing)
 .debug_str     0x00003ccf      0x114 ..\obj\Lib.o
                                0x239 (size before relaxing)
 .debug_str     0x00003de3      0x177 ..\obj\stm32f10x_dma.o
                                0x39b (size before relaxing)
 .debug_str     0x00003f5a      0x1ca ..\obj\misc.o
                                0x3a3 (size before relaxing)
 .debug_str     0x00004124      0x3bd ..\obj\Eeprom.o
                                0xae5 (size before relaxing)
 .debug_str     0x000044e1      0x133 ..\obj\usart.o
                                0x78c (size before relaxing)

.comment        0x00000000       0x70
 .comment       0x00000000       0x70 ..\obj\MicroMenu2_1.o
                                 0x71 (size before relaxing)
 .comment       0x00000000       0x71 ..\obj\stm32f10x_tim.o
 .comment       0x00000000       0x71 ..\obj\startup_stm32f10x_ld_vl.o
 .comment       0x00000000       0x71 ..\obj\General.o
 .comment       0x00000000       0x71 ..\obj\system_stm32f10x.o
 .comment       0x00000000       0x71 ..\obj\hd44780_driver.o
 .comment       0x00000000       0x71 ..\obj\stm32f10x_gpio.o
 .comment       0x00000000       0x71 ..\obj\main.o
 .comment       0x00000000       0x71 ..\obj\ADC.o
 .comment       0x00000000       0x71 ..\obj\stm32f10x_rcc.o
 .comment       0x00000000       0x71 ..\obj\Init_.o
 .comment       0x00000000       0x71 ..\obj\stm32f10x_adc.o
 .comment       0x00000000       0x71 ..\obj\stm32f10x_usart.o
 .comment       0x00000000       0x71 ..\obj\Lib.o
 .comment       0x00000000       0x71 ..\obj\stm32f10x_dma.o
 .comment       0x00000000       0x71 ..\obj\misc.o
 .comment       0x00000000       0x71 ..\obj\Eeprom.o
 .comment       0x00000000       0x71 ..\obj\usart.o

.ARM.attributes
                0x00000000       0x33
 .ARM.attributes
                0x00000000       0x33 ..\obj\MicroMenu2_1.o
 .ARM.attributes
                0x00000033       0x33 ..\obj\stm32f10x_tim.o
 .ARM.attributes
                0x00000066       0x33 ..\obj\startup_stm32f10x_ld_vl.o
 .ARM.attributes
                0x00000099       0x33 ..\obj\General.o
 .ARM.attributes
                0x000000cc       0x33 ..\obj\system_stm32f10x.o
 .ARM.attributes
                0x000000ff       0x33 ..\obj\hd44780_driver.o
 .ARM.attributes
                0x00000132       0x33 ..\obj\stm32f10x_gpio.o
 .ARM.attributes
                0x00000165       0x33 ..\obj\main.o
 .ARM.attributes
                0x00000198       0x33 ..\obj\ADC.o
 .ARM.attributes
                0x000001cb       0x33 ..\obj\stm32f10x_rcc.o
 .ARM.attributes
                0x000001fe       0x33 ..\obj\Init_.o
 .ARM.attributes
                0x00000231       0x33 ..\obj\stm32f10x_adc.o
 .ARM.attributes
                0x00000264       0x33 ..\obj\stm32f10x_usart.o
 .ARM.attributes
                0x00000297       0x33 ..\obj\Lib.o
 .ARM.attributes
                0x000002ca       0x33 ..\obj\stm32f10x_dma.o
 .ARM.attributes
                0x000002fd       0x33 ..\obj\misc.o
 .ARM.attributes
                0x00000330       0x33 ..\obj\Eeprom.o
 .ARM.attributes
                0x00000363       0x33 ..\obj\usart.o
 .ARM.attributes
                0x00000396       0x2d c:/program files (x86)/gnu tools arm embedded/4.6 2012q4/bin/../lib/gcc/arm-none-eabi/4.6.2/../../../../arm-none-eabi/lib/armv7-m\libg.a(lib_a-memcpy.o)

.debug_frame    0x00000000     0x1f38
 .debug_frame   0x00000000       0x60 ..\obj\MicroMenu2_1.o
 .debug_frame   0x00000060      0x65c ..\obj\stm32f10x_tim.o
 .debug_frame   0x000006bc       0x38 ..\obj\startup_stm32f10x_ld_vl.o
 .debug_frame   0x000006f4       0x70 ..\obj\General.o
 .debug_frame   0x00000764       0x34 ..\obj\system_stm32f10x.o
 .debug_frame   0x00000798      0x1ec ..\obj\hd44780_driver.o
 .debug_frame   0x00000984      0x174 ..\obj\stm32f10x_gpio.o
 .debug_frame   0x00000af8      0x5c8 ..\obj\main.o
 .debug_frame   0x000010c0      0x100 ..\obj\ADC.o
 .debug_frame   0x000011c0      0x234 ..\obj\stm32f10x_rcc.o
 .debug_frame   0x000013f4       0xac ..\obj\Init_.o
 .debug_frame   0x000014a0      0x280 ..\obj\stm32f10x_adc.o
 .debug_frame   0x00001720      0x20c ..\obj\stm32f10x_usart.o
 .debug_frame   0x0000192c      0x158 ..\obj\Lib.o
 .debug_frame   0x00001a84       0xc8 ..\obj\stm32f10x_dma.o
 .debug_frame   0x00001b4c       0x68 ..\obj\misc.o
 .debug_frame   0x00001bb4      0x290 ..\obj\Eeprom.o
 .debug_frame   0x00001e44       0xc8 ..\obj\usart.o
 .debug_frame   0x00001f0c       0x2c c:/program files (x86)/gnu tools arm embedded/4.6 2012q4/bin/../lib/gcc/arm-none-eabi/4.6.2/../../../../arm-none-eabi/lib/armv7-m\libg.a(lib_a-memcpy.o)
